Component: ARM Compiler 5.06 update 5 (build 528) Tool: armlink [4d35e2]

==============================================================================

Section Cross References

    startup_stm32f10x_md.o(STACK) refers (Special) to heapauxi.o(.text) for __use_two_region_memory
    startup_stm32f10x_md.o(HEAP) refers (Special) to heapauxi.o(.text) for __use_two_region_memory
    startup_stm32f10x_md.o(RESET) refers (Special) to heapauxi.o(.text) for __use_two_region_memory
    startup_stm32f10x_md.o(RESET) refers to startup_stm32f10x_md.o(STACK) for __initial_sp
    startup_stm32f10x_md.o(RESET) refers to startup_stm32f10x_md.o(.text) for Reset_Handler
    startup_stm32f10x_md.o(RESET) refers to stm32f10x_it.o(i.NMI_Handler) for NMI_Handler
    startup_stm32f10x_md.o(RESET) refers to stm32f10x_it.o(i.HardFault_Handler) for HardFault_Handler
    startup_stm32f10x_md.o(RESET) refers to stm32f10x_it.o(i.MemManage_Handler) for MemManage_Handler
    startup_stm32f10x_md.o(RESET) refers to stm32f10x_it.o(i.BusFault_Handler) for BusFault_Handler
    startup_stm32f10x_md.o(RESET) refers to stm32f10x_it.o(i.UsageFault_Handler) for UsageFault_Handler
    startup_stm32f10x_md.o(RESET) refers to stm32f10x_it.o(i.SVC_Handler) for SVC_Handler
    startup_stm32f10x_md.o(RESET) refers to stm32f10x_it.o(i.DebugMon_Handler) for DebugMon_Handler
    startup_stm32f10x_md.o(RESET) refers to stm32f10x_it.o(i.PendSV_Handler) for PendSV_Handler
    startup_stm32f10x_md.o(RESET) refers to stm32f10x_it.o(i.SysTick_Handler) for SysTick_Handler
    startup_stm32f10x_md.o(RESET) refers to countersensor.o(i.EXTI15_10_IRQHandler) for EXTI15_10_IRQHandler
    startup_stm32f10x_md.o(.text) refers (Special) to heapauxi.o(.text) for __use_two_region_memory
    startup_stm32f10x_md.o(.text) refers to system_stm32f10x.o(i.SystemInit) for SystemInit
    startup_stm32f10x_md.o(.text) refers to __main.o(!!!main) for __main
    startup_stm32f10x_md.o(.text) refers to startup_stm32f10x_md.o(HEAP) for Heap_Mem
    startup_stm32f10x_md.o(.text) refers to startup_stm32f10x_md.o(STACK) for Stack_Mem
    system_stm32f10x.o(i.SetSysClock) refers to system_stm32f10x.o(i.SetSysClockTo72) for SetSysClockTo72
    system_stm32f10x.o(i.SystemCoreClockUpdate) refers to system_stm32f10x.o(.data) for .data
    system_stm32f10x.o(i.SystemInit) refers to system_stm32f10x.o(i.SetSysClock) for SetSysClock
    delay.o(i.Delay_ms) refers to delay.o(i.Delay_us) for Delay_us
    delay.o(i.Delay_s) refers to delay.o(i.Delay_ms) for Delay_ms
    timer.o(i.Timer_External_Init) refers to stm32f10x_rcc.o(i.RCC_APB1PeriphClockCmd) for RCC_APB1PeriphClockCmd
    timer.o(i.Timer_External_Init) refers to stm32f10x_rcc.o(i.RCC_APB2PeriphClockCmd) for RCC_APB2PeriphClockCmd
    timer.o(i.Timer_External_Init) refers to stm32f10x_gpio.o(i.GPIO_Init) for GPIO_Init
    timer.o(i.Timer_External_Init) refers to stm32f10x_tim.o(i.TIM_ETRClockMode2Config) for TIM_ETRClockMode2Config
    timer.o(i.Timer_External_Init) refers to stm32f10x_tim.o(i.TIM_TimeBaseInit) for TIM_TimeBaseInit
    timer.o(i.Timer_External_Init) refers to stm32f10x_tim.o(i.TIM_ClearFlag) for TIM_ClearFlag
    timer.o(i.Timer_External_Init) refers to stm32f10x_tim.o(i.TIM_ITConfig) for TIM_ITConfig
    timer.o(i.Timer_External_Init) refers to misc.o(i.NVIC_PriorityGroupConfig) for NVIC_PriorityGroupConfig
    timer.o(i.Timer_External_Init) refers to misc.o(i.NVIC_Init) for NVIC_Init
    timer.o(i.Timer_External_Init) refers to stm32f10x_tim.o(i.TIM_Cmd) for TIM_Cmd
    timer.o(i.Timer_Internal_Init) refers to stm32f10x_rcc.o(i.RCC_APB1PeriphClockCmd) for RCC_APB1PeriphClockCmd
    timer.o(i.Timer_Internal_Init) refers to stm32f10x_tim.o(i.TIM_InternalClockConfig) for TIM_InternalClockConfig
    timer.o(i.Timer_Internal_Init) refers to stm32f10x_tim.o(i.TIM_TimeBaseInit) for TIM_TimeBaseInit
    timer.o(i.Timer_Internal_Init) refers to stm32f10x_tim.o(i.TIM_ClearFlag) for TIM_ClearFlag
    timer.o(i.Timer_Internal_Init) refers to stm32f10x_tim.o(i.TIM_ITConfig) for TIM_ITConfig
    timer.o(i.Timer_Internal_Init) refers to misc.o(i.NVIC_PriorityGroupConfig) for NVIC_PriorityGroupConfig
    timer.o(i.Timer_Internal_Init) refers to misc.o(i.NVIC_Init) for NVIC_Init
    timer.o(i.Timer_Internal_Init) refers to stm32f10x_tim.o(i.TIM_Cmd) for TIM_Cmd
    stm32f10x_adc.o(i.ADC_DeInit) refers to stm32f10x_rcc.o(i.RCC_APB2PeriphResetCmd) for RCC_APB2PeriphResetCmd
    stm32f10x_bkp.o(i.BKP_DeInit) refers to stm32f10x_rcc.o(i.RCC_BackupResetCmd) for RCC_BackupResetCmd
    stm32f10x_can.o(i.CAN_DeInit) refers to stm32f10x_rcc.o(i.RCC_APB1PeriphResetCmd) for RCC_APB1PeriphResetCmd
    stm32f10x_can.o(i.CAN_GetITStatus) refers to stm32f10x_can.o(i.CheckITStatus) for CheckITStatus
    stm32f10x_cec.o(i.CEC_DeInit) refers to stm32f10x_rcc.o(i.RCC_APB1PeriphResetCmd) for RCC_APB1PeriphResetCmd
[...]
    ../clib/angel/sys.s                      0x00000000   Number         0  sys_stackheap_outer.o ABSOLUTE
    ../clib/angel/sys.s                      0x00000000   Number         0  libspace.o ABSOLUTE
    ../clib/angel/sysapp.c                   0x00000000   Number         0  sys_wrch.o ABSOLUTE
    ../clib/angel/sysapp.c                   0x00000000   Number         0  sys_exit.o ABSOLUTE
    ../clib/angel/sysapp.c                   0x00000000   Number         0  sys_command.o ABSOLUTE
    ../clib/armsys.c                         0x00000000   Number         0  argv_veneer.o ABSOLUTE
    ../clib/armsys.c                         0x00000000   Number         0  no_argv.o ABSOLUTE
    ../clib/armsys.c                         0x00000000   Number         0  argv_veneer.o ABSOLUTE
    ../clib/armsys.c                         0x00000000   Number         0  _get_argv_nomalloc.o ABSOLUTE
    ../clib/fenv.c                           0x00000000   Number         0  _rserrno.o ABSOLUTE
    ../clib/heapalloc.c                      0x00000000   Number         0  hrguard.o ABSOLUTE
    ../clib/heapaux.c                        0x00000000   Number         0  heapauxi.o ABSOLUTE
    ../clib/libinit.s                        0x00000000   Number         0  libinit.o ABSOLUTE
    ../clib/libinit.s                        0x00000000   Number         0  libinit2.o ABSOLUTE
    ../clib/libinit.s                        0x00000000   Number         0  libshutdown2.o ABSOLUTE
    ../clib/libinit.s                        0x00000000   Number         0  libshutdown.o ABSOLUTE
    ../clib/signal.c                         0x00000000   Number         0  defsig_general.o ABSOLUTE
    ../clib/signal.c                         0x00000000   Number         0  __raise.o ABSOLUTE
    ../clib/signal.c                         0x00000000   Number         0  defsig_rtmem_inner.o ABSOLUTE
    ../clib/signal.c                         0x00000000   Number         0  defsig_exit.o ABSOLUTE
    ../clib/signal.c                         0x00000000   Number         0  defsig_abrt_inner.o ABSOLUTE
    ../clib/signal.c                         0x00000000   Number         0  defsig_rtmem_outer.o ABSOLUTE
    ../clib/signal.c                         0x00000000   Number         0  defsig_fpe_inner.o ABSOLUTE
    ../clib/signal.c                         0x00000000   Number         0  defsig_rtred_inner.o ABSOLUTE
    ../clib/signal.c                         0x00000000   Number         0  defsig_stak_inner.o ABSOLUTE
    ../clib/signal.c                         0x00000000   Number         0  defsig_pvfn_inner.o ABSOLUTE
    ../clib/signal.c                         0x00000000   Number         0  defsig_cppl_inner.o ABSOLUTE
    ../clib/signal.c                         0x00000000   Number         0  defsig_segv_inner.o ABSOLUTE
    ../clib/signal.c                         0x00000000   Number         0  defsig_rtmem_formal.o ABSOLUTE
    ../clib/signal.c                         0x00000000   Number         0  defsig_other.o ABSOLUTE
    ../clib/signal.s                         0x00000000   Number         0  defsig.o ABSOLUTE
    ../clib/stdlib.c                         0x00000000   Number         0  exit.o ABSOLUTE
    ../fplib/d2f.s                           0x00000000   Number         0  d2f.o ABSOLUTE
    ../fplib/daddsub.s                       0x00000000   Number         0  daddsub_clz.o ABSOLUTE
    ../fplib/dcheck1.s                       0x00000000   Number         0  dcheck1.o ABSOLUTE
    ../fplib/dcmpi.s                         0x00000000   Number         0  dcmpi.o ABSOLUTE
    ../fplib/ddiv.s                          0x00000000   Number         0  ddiv.o ABSOLUTE
    ../fplib/deqf.s                          0x00000000   Number         0  deqf.o ABSOLUTE
    ../fplib/dfix.s                          0x00000000   Number         0  dfix.o ABSOLUTE
    ../fplib/dfixu.s                         0x00000000   Number         0  dfixu.o ABSOLUTE
    ../fplib/dflt.s                          0x00000000   Number         0  dflt_clz.o ABSOLUTE
    ../fplib/dleqf.s                         0x00000000   Number         0  dleqf.o ABSOLUTE
    ../fplib/dmul.s                          0x00000000   Number         0  dmul.o ABSOLUTE
    ../fplib/dnaninf.s                       0x00000000   Number         0  dnaninf.o ABSOLUTE
    ../fplib/dretinf.s                       0x00000000   Number         0  dretinf.o ABSOLUTE
    ../fplib/drleqf.s                        0x00000000   Number         0  drleqf.o ABSOLUTE
    ../fplib/drnd.s                          0x00000000   Number         0  drnd.o ABSOLUTE
    ../fplib/dsqrt.s                         0x00000000   Number         0  dsqrt_noumaal.o ABSOLUTE
    ../fplib/faddsub.s                       0x00000000   Number         0  faddsub_clz.o ABSOLUTE
    ../fplib/fdiv.s                          0x00000000   Number         0  fdiv.o ABSOLUTE
    ../fplib/ffixu.s                         0x00000000   Number         0  ffixu.o ABSOLUTE
    ../fplib/fmul.s                          0x00000000   Number         0  fmul.o ABSOLUTE
    ../fplib/fnaninf.s                       0x00000000   Number         0  fnaninf.o ABSOLUTE
    ../fplib/fpinit.s                        0x00000000   Number         0  fpinit.o ABSOLUTE
    ../fplib/fretinf.s                       0x00000000   Number         0  fretinf.o ABSOLUTE
    ../fplib/retnan.s                        0x00000000   Number         0  retnan.o ABSOLUTE
    ../fplib/scalbn.s                        0x00000000   Number         0  scalbn.o ABSOLUTE
    ../fplib/trapv.s                         0x00000000   Number         0  trapv.o ABSOLUTE
    ../fplib/usenofp.s                       0x00000000   Number         0  usenofp.o ABSOLUTE
    ../mathlib/dunder.c                      0x00000000   Number         0  dunder.o ABSOLUTE
    ../mathlib/fpclassify.c                  0x00000000   Number         0  fpclassify.o ABSOLUTE
    ../mathlib/poly.c                        0x00000000   Number         0  poly.o ABSOLUTE
    ../mathlib/pow.c                         0x00000000   Number         0  pow.o ABSOLUTE
    ../mathlib/pow.c                         0x00000000   Number         0  pow_x.o ABSOLUTE
    ../mathlib/qnan.c                        0x00000000   Number         0  qnan.o ABSOLUTE
    ../mathlib/round.c                       0x00000000   Number         0  round.o ABSOLUTE
    ../mathlib/sqrt.c                        0x00000000   Number         0  sqrt_x.o ABSOLUTE
    ../mathlib/sqrt.c                        0x00000000   Number         0  sqrt.o ABSOLUTE
    Hardware\BMP280.c                        0x00000000   Number         0  bmp280.o ABSOLUTE
    Hardware\Beep.c                          0x00000000   Number         0  beep.o ABSOLUTE
    Hardware\CounterSensor.c                 0x00000000   Number         0  countersensor.o ABSOLUTE
    Hardware\Encoder.c                       0x00000000   Number         0  encoder.o ABSOLUTE
    Hardware\LED.c                           0x00000000   Number         0  led.o ABSOLUTE
    Hardware\MPU6050.c                       0x00000000   Number         0  mpu6050.o ABSOLUTE
    Hardware\Motor.c                         0x00000000   Number         0  motor.o ABSOLUTE
    Hardware\OLED_Data.c                     0x00000000   Number         0  oled_data.o ABSOLUTE
    Hardware\OLED_Simple.c                   0x00000000   Number         0  oled_simple.o ABSOLUTE
    Hardware\PWM.c                           0x00000000   Number         0  pwm.o ABSOLUTE
    Hardware\Servo.c                         0x00000000   Number         0  servo.o ABSOLUTE
    Hardware\ShortLine.c                     0x00000000   Number         0  shortline.o ABSOLUTE
    Hardware\W25Q64.c                        0x00000000   Number         0  w25q64.o ABSOLUTE
    Hardware\leoI2C.c                        0x00000000   Number         0  leoi2c.o ABSOLUTE
    Hardware\leoSPI.c                        0x00000000   Number         0  leospi.o ABSOLUTE
    Library\misc.c                           0x00000000   Number         0  misc.o ABSOLUTE
    Library\stm32f10x_adc.c                  0x00000000   Number         0  stm32f10x_adc.o ABSOLUTE
    Library\stm32f10x_bkp.c                  0x00000000   Number         0  stm32f10x_bkp.o ABSOLUTE
    Library\stm32f10x_can.c                  0x00000000   Number         0  stm32f10x_can.o ABSOLUTE
    Library\stm32f10x_cec.c                  0x00000000   Number         0  stm32f10x_cec.o ABSOLUTE
    Library\stm32f10x_crc.c                  0x00000000   Number         0  stm32f10x_crc.o ABSOLUTE
    Library\stm32f10x_dac.c                  0x00000000   Number         0  stm32f10x_dac.o ABSOLUTE
    Library\stm32f10x_dbgmcu.c               0x00000000   Number         0  stm32f10x_dbgmcu.o ABSOLUTE
    Library\stm32f10x_dma.c                  0x00000000   Number         0  stm32f10x_dma.o ABSOLUTE
    Library\stm32f10x_exti.c                 0x00000000   Number         0  stm32f10x_exti.o ABSOLUTE
    Library\stm32f10x_flash.c                0x00000000   Number         0  stm32f10x_flash.o ABSOLUTE
    Library\stm32f10x_fsmc.c                 0x00000000   Number         0  stm32f10x_fsmc.o ABSOLUTE
    Library\stm32f10x_gpio.c                 0x00000000   Number         0  stm32f10x_gpio.o ABSOLUTE
    Library\stm32f10x_i2c.c                  0x00000000   Number         0  stm32f10x_i2c.o ABSOLUTE
    Library\stm32f10x_iwdg.c                 0x00000000   Number         0  stm32f10x_iwdg.o ABSOLUTE
    Library\stm32f10x_pwr.c                  0x00000000   Number         0  stm32f10x_pwr.o ABSOLUTE
    Library\stm32f10x_rcc.c                  0x00000000   Number         0  stm32f10x_rcc.o ABSOLUTE
    Library\stm32f10x_rtc.c                  0x00000000   Number         0  stm32f10x_rtc.o ABSOLUTE
    Library\stm32f10x_sdio.c                 0x00000000   Number         0  stm32f10x_sdio.o ABSOLUTE
    Library\stm32f10x_spi.c                  0x00000000   Number         0  stm32f10x_spi.o ABSOLUTE
    Library\stm32f10x_tim.c                  0x00000000   Number         0  stm32f10x_tim.o ABSOLUTE
    Library\stm32f10x_usart.c                0x00000000   Number         0  stm32f10x_usart.o ABSOLUTE
    Library\stm32f10x_wwdg.c                 0x00000000   Number         0  stm32f10x_wwdg.o ABSOLUTE
    Start\\core_cm3.c                        0x00000000   Number         0  core_cm3.o ABSOLUTE
    Start\core_cm3.c                         0x00000000   Number         0  core_cm3.o ABSOLUTE
    Start\startup_stm32f10x_md.s             0x00000000   Number         0  startup_stm32f10x_md.o ABSOLUTE
    Start\system_stm32f10x.c                 0x00000000   Number         0  system_stm32f10x.o ABSOLUTE
    System\Delay.c                           0x00000000   Number         0  delay.o ABSOLUTE
    System\Timer.c                           0x00000000   Number         0  timer.o ABSOLUTE
    User\main.c                              0x00000000   Number         0  main.o ABSOLUTE
    User\stm32f10x_it.c                      0x00000000   Number         0  stm32f10x_it.o ABSOLUTE
    dc.s                                     0x00000000   Number         0  dc.o ABSOLUTE
    RESET                                    0x08000000   Section      236  startup_stm32f10x_md.o(RESET)
    !!!main                                  0x080000ec   Section        8  __main.o(!!!main)
    !!!scatter                               0x080000f4   Section       52  __scatter.o(!!!scatter)
    !!handler_copy                           0x08000128   Section       26  __scatter_copy.o(!!handler_copy)
    !!handler_zi                             0x08000144   Section       28  __scatter_zi.o(!!handler_zi)
    .ARM.Collect$$libinit$$00000000          0x08000160   Section        2  libinit.o(.ARM.Collect$$libinit$$00000000)
    .ARM.Collect$$libinit$$00000002          0x08000162   Section        0  libinit2.o(.ARM.Collect$$libinit$$00000002)
    .ARM.Collect$$libinit$$00000004          0x08000162   Section        0  libinit2.o(.ARM.Collect$$libinit$$00000004)
    .ARM.Collect$$libinit$$0000000A          0x08000162   Section        0  libinit2.o(.ARM.Collect$$libinit$$0000000A)
    .ARM.Collect$$libinit$$0000000C          0x08000162   Section        0  libinit2.o(.ARM.Collect$$libinit$$0000000C)
    .ARM.Collect$$libinit$$0000000E          0x08000162   Section        0  libinit2.o(.ARM.Collect$$libinit$$0000000E)
    .ARM.Collect$$libinit$$00000011          0x08000162   Section        0  libinit2.o(.ARM.Collect$$libinit$$00000011)
    .ARM.Collect$$libinit$$00000013          0x08000162   Section        0  libinit2.o(.ARM.Collect$$libinit$$00000013)
    .ARM.Collect$$libinit$$00000015          0x08000162   Section        0  libinit2.o(.ARM.Collect$$libinit$$00000015)
    .ARM.Collect$$libinit$$00000017          0x08000162   Section        0  libinit2.o(.ARM.Collect$$libinit$$00000017)
    .ARM.Collect$$libinit$$00000019          0x08000162   Section        0  libinit2.o(.ARM.Collect$$libinit$$00000019)
    .ARM.Collect$$libinit$$0000001B          0x08000162   Section        0  libinit2.o(.ARM.Collect$$libinit$$0000001B)
    .ARM.Collect$$libinit$$0000001D          0x08000162   Section        0  libinit2.o(.ARM.Collect$$libinit$$0000001D)
    .ARM.Collect$$libinit$$0000001F          0x08000162   Section        0  libinit2.o(.ARM.Collect$$libinit$$0000001F)
    .ARM.Collect$$libinit$$00000021          0x08000162   Section        0  libinit2.o(.ARM.Collect$$libinit$$00000021)
    .ARM.Collect$$libinit$$00000023          0x08000162   Section        0  libinit2.o(.ARM.Collect$$libinit$$00000023)
    .ARM.Collect$$libinit$$00000025          0x08000162   Section        0  libinit2.o(.ARM.Collect$$libinit$$00000025)
    .ARM.Collect$$libinit$$0000002C          0x08000162   Section        0  libinit2.o(.ARM.Collect$$libinit$$0000002C)
    .ARM.Collect$$libinit$$0000002E          0x08000162   Section        0  libinit2.o(.ARM.Collect$$libinit$$0000002E)
    .ARM.Collect$$libinit$$00000030          0x08000162   Section        0  libinit2.o(.ARM.Collect$$libinit$$00000030)
    .ARM.Collect$$libinit$$00000032          0x08000162   Section        0  libinit2.o(.ARM.Collect$$libinit$$00000032)
    .ARM.Collect$$libinit$$00000033          0x08000162   Section        2  libinit2.o(.ARM.Collect$$libinit$$00000033)
    .ARM.Collect$$libshutdown$$00000000      0x08000164   Section        2  libshutdown.o(.ARM.Collect$$libshutdown$$00000000)
    .ARM.Collect$$libshutdown$$00000002      0x08000166   Section        0  libshutdown2.o(.ARM.Collect$$libshutdown$$00000002)
    .ARM.Collect$$libshutdown$$00000004      0x08000166   Section        0  libshutdown2.o(.ARM.Collect$$libshutdown$$00000004)
    .ARM.Collect$$libshutdown$$00000007      0x08000166   Section        0  libshutdown2.o(.ARM.Collect$$libshutdown$$00000007)
    .ARM.Collect$$libshutdown$$0000000A      0x08000166   Section        0  libshutdown2.o(.ARM.Collect$$libshutdown$$0000000A)
    .ARM.Collect$$libshutdown$$0000000C      0x08000166   Section        0  libshutdown2.o(.ARM.Collect$$libshutdown$$0000000C)
    .ARM.Collect$$libshutdown$$0000000F      0x08000166   Section        0  libshutdown2.o(.ARM.Collect$$libshutdown$$0000000F)
    .ARM.Collect$$libshutdown$$00000010      0x08000166   Section        2  libshutdown2.o(.ARM.Collect$$libshutdown$$00000010)
    .ARM.Collect$$rtentry$$00000000          0x08000168   Section        0  __rtentry.o(.ARM.Collect$$rtentry$$00000000)
    .ARM.Collect$$rtentry$$00000002          0x08000168   Section        0  __rtentry2.o(.ARM.Collect$$rtentry$$00000002)
    .ARM.Collect$$rtentry$$00000004          0x08000168   Section        6  __rtentry4.o(.ARM.Collect$$rtentry$$00000004)
    .ARM.Collect$$rtentry$$00000009          0x0800016e   Section        0  __rtentry2.o(.ARM.Collect$$rtentry$$00000009)
    .ARM.Collect$$rtentry$$0000000A          0x0800016e   Section        4  __rtentry2.o(.ARM.Collect$$rtentry$$0000000A)
    .ARM.Collect$$rtentry$$0000000C          0x08000172   Section        0  __rtentry2.o(.ARM.Collect$$rtentry$$0000000C)
    .ARM.Collect$$rtentry$$0000000D          0x08000172   Section        8  __rtentry2.o(.ARM.Collect$$rtentry$$0000000D)
    .ARM.Collect$$rtexit$$00000000           0x0800017a   Section        2  rtexit.o(.ARM.Collect$$rtexit$$00000000)
    .ARM.Collect$$rtexit$$00000002           0x0800017c   Section        0  rtexit2.o(.ARM.Collect$$rtexit$$00000002)
    .ARM.Collect$$rtexit$$00000003           0x0800017c   Section        4  rtexit2.o(.ARM.Collect$$rtexit$$00000003)
    .ARM.Collect$$rtexit$$00000004           0x08000180   Section        6  rtexit2.o(.ARM.Collect$$rtexit$$00000004)
    .text                                    0x08000188   Section       64  startup_stm32f10x_md.o(.text)
    .text                                    0x080001c8   Section        0  heapauxi.o(.text)
    .text                                    0x080001ce   Section        0  _rserrno.o(.text)
    .text                                    0x080001e4   Section        8  rt_errno_addr_intlibspace.o(.text)
    .text                                    0x080001ec   Section        8  libspace.o(.text)
    .text                                    0x080001f4   Section       74  sys_stackheap_outer.o(.text)
    .text                                    0x0800023e   Section        0  exit.o(.text)
    .text                                    0x08000250   Section        0  sys_exit.o(.text)
    .text                                    0x0800025c   Section        2  use_no_semi.o(.text)
    .text                                    0x0800025e   Section        0  indicate_semi.o(.text)
    i.BKP_ITConfig                           0x08000260   Section        0  stm32f10x_bkp.o(i.BKP_ITConfig)
    i.BKP_TamperPinCmd                       0x0800026c   Section        0  stm32f10x_bkp.o(i.BKP_TamperPinCmd)
    i.BMP280_GetData                         0x08000278   Section        0  bmp280.o(i.BMP280_GetData)
    i.BMP280_GetHeight                       0x08000564   Section        0  bmp280.o(i.BMP280_GetHeight)
    i.BMP280_Init                            0x080005d0   Section        0  bmp280.o(i.BMP280_Init)
    i.BMP280_ReadByte2Reg                    0x08000700   Section        0  bmp280.o(i.BMP280_ReadByte2Reg)
    i.BMP280_ReadID                          0x0800073e   Section        0  bmp280.o(i.BMP280_ReadID)
    i.BMP280_WaitRead                        0x08000744   Section        0  bmp280.o(i.BMP280_WaitRead)
    i.BMP280_WriteByte2Reg                   0x0800075c   Section        0  bmp280.o(i.BMP280_WriteByte2Reg)
    i.Beep_Init                              0x0800078c   Section        0  beep.o(i.Beep_Init)
    i.Beep_JustLoud                          0x08000820   Section        0  beep.o(i.Beep_JustLoud)
    i.Beep_Stop                              0x08000840   Section        0  beep.o(i.Beep_Stop)
    i.BusFault_Handler                       0x0800084c   Section        0  stm32f10x_it.o(i.BusFault_Handler)
    i.DebugMon_Handler                       0x0800084e   Section        0  stm32f10x_it.o(i.DebugMon_Handler)
    i.Delay_ms                               0x08000850   Section        0  delay.o(i.Delay_ms)
    i.Delay_us                               0x08000868   Section        0  delay.o(i.Delay_us)
    i.EXTI15_10_IRQHandler                   0x08000888   Section        0  countersensor.o(i.EXTI15_10_IRQHandler)
    i.EXTI_ClearITPendingBit                 0x080008b0   Section        0  stm32f10x_exti.o(i.EXTI_ClearITPendingBit)
    i.EXTI_GetITStatus                       0x080008bc   Section        0  stm32f10x_exti.o(i.EXTI_GetITStatus)
    i.GPIO_Init                              0x080008dc   Section        0  stm32f10x_gpio.o(i.GPIO_Init)
    i.GPIO_ReadInputDataBit                  0x08000982   Section        0  stm32f10x_gpio.o(i.GPIO_ReadInputDataBit)
    i.GPIO_ResetBits                         0x08000990   Section        0  stm32f10x_gpio.o(i.GPIO_ResetBits)
    i.GPIO_SetBits                           0x08000994   Section        0  stm32f10x_gpio.o(i.GPIO_SetBits)
    i.GPIO_WriteBit                          0x08000998   Section        0  stm32f10x_gpio.o(i.GPIO_WriteBit)
    i.HardFault_Handler                      0x080009a4   Section        0  stm32f10x_it.o(i.HardFault_Handler)
    i.LED13_Init                             0x080009a8   Section        0  led.o(i.LED13_Init)
    i.LED13_off                              0x080009e8   Section        0  led.o(i.LED13_off)
    i.LED13_on                               0x080009f8   Section        0  led.o(i.LED13_on)
    i.MPU6050_GetData                        0x08000a08   Section        0  mpu6050.o(i.MPU6050_GetData)
    i.MPU6050_Init                           0x08000a86   Section        0  mpu6050.o(i.MPU6050_Init)
    i.MPU6050_ReadByte2Reg                   0x08000ac0   Section        0  mpu6050.o(i.MPU6050_ReadByte2Reg)
    i.MPU6050_ReadID                         0x08000afe   Section        0  mpu6050.o(i.MPU6050_ReadID)
    i.MPU6050_WriteByte2Reg                  0x08000b04   Section        0  mpu6050.o(i.MPU6050_WriteByte2Reg)
    i.MemManage_Handler                      0x08000b34   Section        0  stm32f10x_it.o(i.MemManage_Handler)
    i.NMI_Handler                            0x08000b36   Section        0  stm32f10x_it.o(i.NMI_Handler)
    i.OLED_Clear                             0x08000b38   Section        0  oled_simple.o(i.OLED_Clear)
    i.OLED_Init                              0x08000b5e   Section        0  oled_simple.o(i.OLED_Init)
    i.OLED_OpenShow                          0x08000c00   Section        0  oled_simple.o(i.OLED_OpenShow)
    i.OLED_Pow                               0x08000c60   Section        0  oled_simple.o(i.OLED_Pow)
    i.OLED_SetCursor                         0x08000c70   Section        0  oled_simple.o(i.OLED_SetCursor)
    i.OLED_ShowChar                          0x08000c94   Section        0  oled_simple.o(i.OLED_ShowChar)
    i.OLED_ShowFloatNum                      0x08000d10   Section        0  oled_simple.o(i.OLED_ShowFloatNum)
    i.OLED_ShowHexNum                        0x08000dd2   Section        0  oled_simple.o(i.OLED_ShowHexNum)
    i.OLED_ShowImage                         0x08000e2e   Section        0  oled_simple.o(i.OLED_ShowImage)
    i.OLED_ShowNum                           0x08000e74   Section        0  oled_simple.o(i.OLED_ShowNum)
    i.OLED_ShowString                        0x08000ebc   Section        0  oled_simple.o(i.OLED_ShowString)
    i.OLED_WrtCmd                            0x08000ee8   Section        0  oled_simple.o(i.OLED_WrtCmd)
    i.OLED_WrtData                           0x08000f16   Section        0  oled_simple.o(i.OLED_WrtData)
    i.PendSV_Handler                         0x08000f44   Section        0  stm32f10x_it.o(i.PendSV_Handler)
    i.RCC_APB1PeriphClockCmd                 0x08000f48   Section        0  stm32f10x_rcc.o(i.RCC_APB1PeriphClockCmd)
    i.RCC_APB2PeriphClockCmd                 0x08000f64   Section        0  stm32f10x_rcc.o(i.RCC_APB2PeriphClockCmd)
    i.SVC_Handler                            0x08000f80   Section        0  stm32f10x_it.o(i.SVC_Handler)
    i.SetSysClock                            0x08000f82   Section        0  system_stm32f10x.o(i.SetSysClock)
    SetSysClock                              0x08000f83   Thumb Code     4  system_stm32f10x.o(i.SetSysClock)
    i.SetSysClockTo72                        0x08000f88   Section        0  system_stm32f10x.o(i.SetSysClockTo72)
    SetSysClockTo72                          0x08000f89   Thumb Code   166  system_stm32f10x.o(i.SetSysClockTo72)
    i.SysTick_Handler                        0x08001038   Section        0  stm32f10x_it.o(i.SysTick_Handler)
    i.SystemInit                             0x0800103c   Section        0  system_stm32f10x.o(i.SystemInit)
    i.TIM_Cmd                                0x0800108c   Section        0  stm32f10x_tim.o(i.TIM_Cmd)
    i.TIM_InternalClockConfig                0x080010a4   Section        0  stm32f10x_tim.o(i.TIM_InternalClockConfig)
    i.TIM_OC2Init                            0x080010b0   Section        0  stm32f10x_tim.o(i.TIM_OC2Init)
    i.TIM_OCStructInit                       0x08001138   Section        0  stm32f10x_tim.o(i.TIM_OCStructInit)
    i.TIM_PrescalerConfig                    0x0800114c   Section        0  stm32f10x_tim.o(i.TIM_PrescalerConfig)
    i.TIM_SetCompare2                        0x08001152   Section        0  stm32f10x_tim.o(i.TIM_SetCompare2)
    i.TIM_TimeBaseInit                       0x08001158   Section        0  stm32f10x_tim.o(i.TIM_TimeBaseInit)
    i.UsageFault_Handler                     0x080011f4   Section        0  stm32f10x_it.o(i.UsageFault_Handler)
    i.__ARM_fpclassify                       0x080011f6   Section        0  fpclassify.o(i.__ARM_fpclassify)
    i.__kernel_poly                          0x0800121e   Section        0  poly.o(i.__kernel_poly)
    i.__mathlib_dbl_divzero                  0x080012c8   Section        0  dunder.o(i.__mathlib_dbl_divzero)
    i.__mathlib_dbl_infnan2                  0x080012d8   Section        0  dunder.o(i.__mathlib_dbl_infnan2)
    i.__mathlib_dbl_invalid                  0x080012dc   Section        0  dunder.o(i.__mathlib_dbl_invalid)
    i.__mathlib_dbl_overflow                 0x080012e8   Section        0  dunder.o(i.__mathlib_dbl_overflow)
    i.__mathlib_dbl_underflow                0x080012f8   Section        0  dunder.o(i.__mathlib_dbl_underflow)
    i.bmpI2C_Init                            0x08001308   Section        0  bmp280.o(i.bmpI2C_Init)
    i.bmpI2C_R_SDA                           0x08001354   Section        0  bmp280.o(i.bmpI2C_R_SDA)
    i.bmpI2C_ReceiveAck                      0x08001370   Section        0  bmp280.o(i.bmpI2C_ReceiveAck)
    i.bmpI2C_ReceiveByte                     0x0800138e   Section        0  bmp280.o(i.bmpI2C_ReceiveByte)
    i.bmpI2C_SendAck                         0x080013c0   Section        0  bmp280.o(i.bmpI2C_SendAck)
    i.bmpI2C_SendByte                        0x080013d6   Section        0  bmp280.o(i.bmpI2C_SendByte)
    i.bmpI2C_Start                           0x080013fe   Section        0  bmp280.o(i.bmpI2C_Start)
    i.bmpI2C_Stop                            0x0800141c   Section        0  bmp280.o(i.bmpI2C_Stop)
    i.bmpI2C_W_SCL                           0x08001434   Section        0  bmp280.o(i.bmpI2C_W_SCL)
    i.bmpI2C_W_SDA                           0x08001450   Section        0  bmp280.o(i.bmpI2C_W_SDA)
    i.main                                   0x0800146c   Section        0  main.o(i.main)
    i.mpuI2C_Init                            0x08001544   Section        0  mpu6050.o(i.mpuI2C_Init)
    i.mpuI2C_R_SDA                           0x08001590   Section        0  mpu6050.o(i.mpuI2C_R_SDA)
    i.mpuI2C_ReceiveAck                      0x080015ac   Section        0  mpu6050.o(i.mpuI2C_ReceiveAck)
    i.mpuI2C_ReceiveByte                     0x080015ca   Section        0  mpu6050.o(i.mpuI2C_ReceiveByte)
    i.mpuI2C_SendAck                         0x080015fc   Section        0  mpu6050.o(i.mpuI2C_SendAck)
    i.mpuI2C_SendByte                        0x08001612   Section        0  mpu6050.o(i.mpuI2C_SendByte)
    i.mpuI2C_Start                           0x0800163a   Section        0  mpu6050.o(i.mpuI2C_Start)
    i.mpuI2C_Stop                            0x08001658   Section        0  mpu6050.o(i.mpuI2C_Stop)
    i.mpuI2C_W_SCL                           0x08001670   Section        0  mpu6050.o(i.mpuI2C_W_SCL)
    i.mpuI2C_W_SDA                           0x0800168c   Section        0  mpu6050.o(i.mpuI2C_W_SDA)
    i.oledI2C_Init                           0x080016a8   Section        0  oled_simple.o(i.oledI2C_Init)
    i.oledI2C_R_SDA                          0x080016f4   Section        0  oled_simple.o(i.oledI2C_R_SDA)
    i.oledI2C_ReceiveAck                     0x08001710   Section        0  oled_simple.o(i.oledI2C_ReceiveAck)
    i.oledI2C_SendByte                       0x0800172e   Section        0  oled_simple.o(i.oledI2C_SendByte)
    i.oledI2C_Start                          0x08001756   Section        0  oled_simple.o(i.oledI2C_Start)
    i.oledI2C_Stop                           0x08001774   Section        0  oled_simple.o(i.oledI2C_Stop)
    i.oledI2C_W_SCL                          0x0800178c   Section        0  oled_simple.o(i.oledI2C_W_SCL)
    i.oledI2C_W_SDA                          0x080017a8   Section        0  oled_simple.o(i.oledI2C_W_SDA)
    i.pow                                    0x080017c4   Section        0  pow.o(i.pow)
    i.round                                  0x0800219c   Section        0  round.o(i.round)
    i.sqrt                                   0x08002230   Section        0  sqrt.o(i.sqrt)
    x$fpl$dadd                               0x0800227c   Section      336  daddsub_clz.o(x$fpl$dadd)
    _dadd1                                   0x0800228d   Thumb Code     0  daddsub_clz.o(x$fpl$dadd)
    x$fpl$dcheck1                            0x080023cc   Section       16  dcheck1.o(x$fpl$dcheck1)
    x$fpl$dcmpinf                            0x080023dc   Section       24  dcmpi.o(x$fpl$dcmpinf)
    x$fpl$ddiv                               0x080023f4   Section      688  ddiv.o(x$fpl$ddiv)
    ddiv_entry                               0x080023fb   Thumb Code     0  ddiv.o(x$fpl$ddiv)
    x$fpl$deqf                               0x080026a4   Section      120  deqf.o(x$fpl$deqf)
    x$fpl$dfix                               0x0800271c   Section       94  dfix.o(x$fpl$dfix)
    x$fpl$dfixu                              0x0800277c   Section       90  dfixu.o(x$fpl$dfixu)
    x$fpl$dflt                               0x080027d6   Section       46  dflt_clz.o(x$fpl$dflt)
    x$fpl$dfltu                              0x08002804   Section       38  dflt_clz.o(x$fpl$dfltu)
    x$fpl$dleqf                              0x0800282c   Section      120  dleqf.o(x$fpl$dleqf)
    x$fpl$dmul                               0x080028a4   Section      340  dmul.o(x$fpl$dmul)
    x$fpl$dnaninf                            0x080029f8   Section      156  dnaninf.o(x$fpl$dnaninf)
    x$fpl$dretinf                            0x08002a94   Section       12  dretinf.o(x$fpl$dretinf)
    x$fpl$drleqf                             0x08002aa0   Section      108  drleqf.o(x$fpl$drleqf)
    x$fpl$drnd                               0x08002b0c   Section      180  drnd.o(x$fpl$drnd)
    x$fpl$drsb                               0x08002bc0   Section       22  daddsub_clz.o(x$fpl$drsb)
    x$fpl$dsqrt                              0x08002bd8   Section      460  dsqrt_noumaal.o(x$fpl$dsqrt)
    x$fpl$dsub                               0x08002da4   Section      468  daddsub_clz.o(x$fpl$dsub)
    _dsub1                                   0x08002db5   Thumb Code     0  daddsub_clz.o(x$fpl$dsub)
    x$fpl$retnan                             0x08002f78   Section      100  retnan.o(x$fpl$retnan)
    x$fpl$scalbn                             0x08002fdc   Section       92  scalbn.o(x$fpl$scalbn)
    x$fpl$trapveneer                         0x08003038   Section       48  trapv.o(x$fpl$trapveneer)
    .constdata                               0x08003068   Section     1520  oled_data.o(.constdata)
    x$fpl$usenofp                            0x08003068   Section        0  usenofp.o(x$fpl$usenofp)
    .constdata                               0x08003658   Section      570  oled_data.o(.constdata)
    .constdata                               0x08003892   Section      512  oled_data.o(.constdata)
    .constdata                               0x08003a92   Section      256  oled_data.o(.constdata)
    .constdata                               0x08003b92   Section      256  oled_data.o(.constdata)
    .constdata                               0x08003c98   Section      136  pow.o(.constdata)
    bp                                       0x08003c98   Data          16  pow.o(.constdata)
    dp_h                                     0x08003ca8   Data          16  pow.o(.constdata)
    dp_l                                     0x08003cb8   Data          16  pow.o(.constdata)
    L                                        0x08003cc8   Data          48  pow.o(.constdata)
    P                                        0x08003cf8   Data          40  pow.o(.constdata)
    .constdata                               0x08003d20   Section        8  qnan.o(.constdata)
    .data                                    0x20000000   Section        2  countersensor.o(.data)
    .data                                    0x20000004   Section        4  bmp280.o(.data)
    .bss                                     0x20000008   Section       24  bmp280.o(.bss)
    .bss                                     0x20000020   Section       12  main.o(.bss)
    .bss                                     0x2000002c   Section       96  libspace.o(.bss)
    HEAP                                     0x20000090   Section      512  startup_stm32f10x_md.o(HEAP)
    Heap_Mem                                 0x20000090   Data         512  startup_stm32f10x_md.o(HEAP)
    STACK                                    0x20000290   Section     1024  startup_stm32f10x_md.o(STACK)
    Stack_Mem                                0x20000290   Data        1024  startup_stm32f10x_md.o(STACK)
    __initial_sp                             0x20000690   Data           0  startup_stm32f10x_md.o(STACK)

    Global Symbols

    Symbol Name                              Value     Ov Type        Size  Object(Section)

    BuildAttributes$$THM_ISAv4$P$D$K$B$S$PE$A:L22UL41UL21$X:L11$S22US41US21$IEEE1$IW$USESV6$~STKCKD$USESV7$~SHL$OTIME$ROPI$IEEEX$EBA8$UX$STANDARDLIB$REQ8$PRES8$EABIv2 0x00000000   Number         0  anon$$obj.o ABSOLUTE
    __ARM_use_no_argv                        0x00000000   Number         0  main.o ABSOLUTE
    __ARM_exceptions_init                     - Undefined Weak Reference
    __alloca_initialize                       - Undefined Weak Reference
    __arm_preinit_                            - Undefined Weak Reference
    __cpp_initialize__aeabi_                  - Undefined Weak Reference
    __cxa_finalize                            - Undefined Weak Reference
    __rt_locale                               - Undefined Weak Reference
    __sigvec_lookup                           - Undefined Weak Reference
    _atexit_init                              - Undefined Weak Reference
    _call_atexit_fns                          - Undefined Weak Reference
    _clock_init                               - Undefined Weak Reference
    _fp_trap_init                             - Undefined Weak Reference
    _fp_trap_shutdown                         - Undefined Weak Reference
    _get_lc_collate                           - Undefined Weak Reference
    _get_lc_ctype                             - Undefined Weak Reference
    _get_lc_monetary                          - Undefined Weak Reference
    _get_lc_numeric                           - Undefined Weak Reference
    _get_lc_time                              - Undefined Weak Reference
    _getenv_init                              - Undefined Weak Reference
    _handle_redirection                       - Undefined Weak Reference
    _init_alloc                               - Undefined Weak Reference
    _init_user_alloc                          - Undefined Weak Reference
    _initio                                   - Undefined Weak Reference
    _rand_init                                - Undefined Weak Reference
    _signal_finish                            - Undefined Weak Reference
    _signal_init                              - Undefined Weak Reference
    _terminate_alloc                          - Undefined Weak Reference
    _terminate_user_alloc                     - Undefined Weak Reference
    _terminateio                              - Undefined Weak Reference
    __Vectors_Size                           0x000000ec   Number         0  startup_stm32f10x_md.o ABSOLUTE
    __Vectors                                0x08000000   Data           4  startup_stm32f10x_md.o(RESET)
    __Vectors_End                            0x080000ec   Data           0  startup_stm32f10x_md.o(RESET)
    __main                                   0x080000ed   Thumb Code     8  __main.o(!!!main)
    __scatterload                            0x080000f5   Thumb Code     0  __scatter.o(!!!scatter)
    __scatterload_rt2                        0x080000f5   Thumb Code    44  __scatter.o(!!!scatter)
    __scatterload_rt2_thumb_only             0x080000f5   Thumb Code     0  __scatter.o(!!!scatter)
    __scatterload_null                       0x08000103   Thumb Code     0  __scatter.o(!!!scatter)
    __scatterload_copy                       0x08000129   Thumb Code    26  __scatter_copy.o(!!handler_copy)
    __scatterload_zeroinit                   0x08000145   Thumb Code    28  __scatter_zi.o(!!handler_zi)
    __rt_lib_init                            0x08000161   Thumb Code     0  libinit.o(.ARM.Collect$$libinit$$00000000)
    __rt_lib_init_alloca_1                   0x08000163   Thumb Code     0  libinit2.o(.ARM.Collect$$libinit$$0000002E)
    __rt_lib_init_argv_1                     0x08000163   Thumb Code     0  libinit2.o(.ARM.Collect$$libinit$$0000002C)
    __rt_lib_init_atexit_1                   0x08000163   Thumb Code     0  libinit2.o(.ARM.Collect$$libinit$$0000001B)
    __rt_lib_init_clock_1                    0x08000163   Thumb Code     0  libinit2.o(.ARM.Collect$$libinit$$00000021)
    __rt_lib_init_cpp_1                      0x08000163   Thumb Code     0  libinit2.o(.ARM.Collect$$libinit$$00000032)
    __rt_lib_init_exceptions_1               0x08000163   Thumb Code     0  libinit2.o(.ARM.Collect$$libinit$$00000030)
    __rt_lib_init_fp_1                       0x08000163   Thumb Code     0  libinit2.o(.ARM.Collect$$libinit$$00000002)
    __rt_lib_init_fp_trap_1                  0x08000163   Thumb Code     0  libinit2.o(.ARM.Collect$$libinit$$0000001F)
    __rt_lib_init_getenv_1                   0x08000163   Thumb Code     0  libinit2.o(.ARM.Collect$$libinit$$00000023)
    __rt_lib_init_heap_1                     0x08000163   Thumb Code     0  libinit2.o(.ARM.Collect$$libinit$$0000000A)
    __rt_lib_init_lc_collate_1               0x08000163   Thumb Code     0  libinit2.o(.ARM.Collect$$libinit$$00000011)
    __rt_lib_init_lc_ctype_1                 0x08000163   Thumb Code     0  libinit2.o(.ARM.Collect$$libinit$$00000013)
    __rt_lib_init_lc_monetary_1              0x08000163   Thumb Code     0  libinit2.o(.ARM.Collect$$libinit$$00000015)
    __rt_lib_init_lc_numeric_1               0x08000163   Thumb Code     0  libinit2.o(.ARM.Collect$$libinit$$00000017)
    __rt_lib_init_lc_time_1                  0x08000163   Thumb Code     0  libinit2.o(.ARM.Collect$$libinit$$00000019)
    __rt_lib_init_preinit_1                  0x08000163   Thumb Code     0  libinit2.o(.ARM.Collect$$libinit$$00000004)
    __rt_lib_init_rand_1                     0x08000163   Thumb Code     0  libinit2.o(.ARM.Collect$$libinit$$0000000E)
    __rt_lib_init_return                     0x08000163   Thumb Code     0  libinit2.o(.ARM.Collect$$libinit$$00000033)
    __rt_lib_init_signal_1                   0x08000163   Thumb Code     0  libinit2.o(.ARM.Collect$$libinit$$0000001D)
    __rt_lib_init_stdio_1                    0x08000163   Thumb Code     0  libinit2.o(.ARM.Collect$$libinit$$00000025)
    __rt_lib_init_user_alloc_1               0x08000163   Thumb Code     0  libinit2.o(.ARM.Collect$$libinit$$0000000C)
    __rt_lib_shutdown                        0x08000165   Thumb Code     0  libshutdown.o(.ARM.Collect$$libshutdown$$00000000)
    __rt_lib_shutdown_cpp_1                  0x08000167   Thumb Code     0  libshutdown2.o(.ARM.Collect$$libshutdown$$00000002)
    __rt_lib_shutdown_fp_trap_1              0x08000167   Thumb Code     0  libshutdown2.o(.ARM.Collect$$libshutdown$$00000007)
    __rt_lib_shutdown_heap_1                 0x08000167   Thumb Code     0  libshutdown2.o(.ARM.Collect$$libshutdown$$0000000F)
    __rt_lib_shutdown_return                 0x08000167   Thumb Code     0  libshutdown2.o(.ARM.Collect$$libshutdown$$00000010)
    __rt_lib_shutdown_signal_1               0x08000167   Thumb Code     0  libshutdown2.o(.ARM.Collect$$libshutdown$$0000000A)
    __rt_lib_shutdown_stdio_1                0x08000167   Thumb Code     0  libshutdown2.o(.ARM.Collect$$libshutdown$$00000004)
    __rt_lib_shutdown_user_alloc_1           0x08000167   Thumb Code     0  libshutdown2.o(.ARM.Collect$$libshutdown$$0000000C)
    __rt_entry                               0x08000169   Thumb Code     0  __rtentry.o(.ARM.Collect$$rtentry$$00000000)
    __rt_entry_presh_1                       0x08000169   Thumb Code     0  __rtentry2.o(.ARM.Collect$$rtentry$$00000002)
    __rt_entry_sh                            0x08000169   Thumb Code     0  __rtentry4.o(.ARM.Collect$$rtentry$$00000004)
    __rt_entry_li                            0x0800016f   Thumb Code     0  __rtentry2.o(.ARM.Collect$$rtentry$$0000000A)
    __rt_entry_postsh_1                      0x0800016f   Thumb Code     0  __rtentry2.o(.ARM.Collect$$rtentry$$00000009)
    __rt_entry_main                          0x08000173   Thumb Code     0  __rtentry2.o(.ARM.Collect$$rtentry$$0000000D)
    __rt_entry_postli_1                      0x08000173   Thumb Code     0  __rtentry2.o(.ARM.Collect$$rtentry$$0000000C)
    __rt_exit                                0x0800017b   Thumb Code     0  rtexit.o(.ARM.Collect$$rtexit$$00000000)
    __rt_exit_ls                             0x0800017d   Thumb Code     0  rtexit2.o(.ARM.Collect$$rtexit$$00000003)
    __rt_exit_prels_1                        0x0800017d   Thumb Code     0  rtexit2.o(.ARM.Collect$$rtexit$$00000002)
    __rt_exit_exit                           0x08000181   Thumb Code     0  rtexit2.o(.ARM.Collect$$rtexit$$00000004)
    Reset_Handler                            0x08000189   Thumb Code     8  startup_stm32f10x_md.o(.text)
    ADC1_2_IRQHandler                        0x080001a3   Thumb Code     0  startup_stm32f10x_md.o(.text)
    CAN1_RX1_IRQHandler                      0x080001a3   Thumb Code     0  startup_stm32f10x_md.o(.text)
    CAN1_SCE_IRQHandler                      0x080001a3   Thumb Code     0  startup_stm32f10x_md.o(.text)
    DMA1_Channel1_IRQHandler                 0x080001a3   Thumb Code     0  startup_stm32f10x_md.o(.text)
    DMA1_Channel2_IRQHandler                 0x080001a3   Thumb Code     0  startup_stm32f10x_md.o(.text)
    DMA1_Channel3_IRQHandler                 0x080001a3   Thumb Code     0  startup_stm32f10x_md.o(.text)
    DMA1_Channel4_IRQHandler                 0x080001a3   Thumb Code     0  startup_stm32f10x_md.o(.text)
    DMA1_Channel5_IRQHandler                 0x080001a3   Thumb Code     0  startup_stm32f10x_md.o(.text)
    DMA1_Channel6_IRQHandler                 0x080001a3   Thumb Code     0  startup_stm32f10x_md.o(.text)
    DMA1_Channel7_IRQHandler                 0x080001a3   Thumb Code     0  startup_stm32f10x_md.o(.text)
    EXTI0_IRQHandler                         0x080001a3   Thumb Code     0  startup_stm32f10x_md.o(.text)
    EXTI1_IRQHandler                         0x080001a3   Thumb Code     0  startup_stm32f10x_md.o(.text)
    EXTI2_IRQHandler                         0x080001a3   Thumb Code     0  startup_stm32f10x_md.o(.text)
    EXTI3_IRQHandler                         0x080001a3   Thumb Code     0  startup_stm32f10x_md.o(.text)
    EXTI4_IRQHandler                         0x080001a3   Thumb Code     0  startup_stm32f10x_md.o(.text)
    EXTI9_5_IRQHandler                       0x080001a3   Thumb Code     0  startup_stm32f10x_md.o(.text)
    FLASH_IRQHandler                         0x080001a3   Thumb Code     0  startup_stm32f10x_md.o(.text)
    I2C1_ER_IRQHandler                       0x080001a3   Thumb Code     0  startup_stm32f10x_md.o(.text)
    I2C1_EV_IRQHandler                       0x080001a3   Thumb Code     0  startup_stm32f10x_md.o(.text)
    I2C2_ER_IRQHandler                       0x080001a3   Thumb Code     0  startup_stm32f10x_md.o(.text)
    I2C2_EV_IRQHandler                       0x080001a3   Thumb Code     0  startup_stm32f10x_md.o(.text)
    PVD_IRQHandler                           0x080001a3   Thumb Code     0  startup_stm32f10x_md.o(.text)
    RCC_IRQHandler                           0x080001a3   Thumb Code     0  startup_stm32f10x_md.o(.text)
    RTCAlarm_IRQHandler                      0x080001a3   Thumb Code     0  startup_stm32f10x_md.o(.text)
    RTC_IRQHandler                           0x080001a3   Thumb Code     0  startup_stm32f10x_md.o(.text)
    SPI1_IRQHandler                          0x080001a3   Thumb Code     0  startup_stm32f10x_md.o(.text)
    SPI2_IRQHandler                          0x080001a3   Thumb Code     0  startup_stm32f10x_md.o(.text)
    TAMPER_IRQHandler                        0x080001a3   Thumb Code     0  startup_stm32f10x_md.o(.text)
    TIM1_BRK_IRQHandler                      0x080001a3   Thumb Code     0  startup_stm32f10x_md.o(.text)
    TIM1_CC_IRQHandler                       0x080001a3   Thumb Code     0  startup_stm32f10x_md.o(.text)
    TIM1_TRG_COM_IRQHandler                  0x080001a3   Thumb Code     0  startup_stm32f10x_md.o(.text)
    TIM1_UP_IRQHandler                       0x080001a3   Thumb Code     0  startup_stm32f10x_md.o(.text)
    TIM2_IRQHandler                          0x080001a3   Thumb Code     0  startup_stm32f10x_md.o(.text)
    TIM3_IRQHandler                          0x080001a3   Thumb Code     0  startup_stm32f10x_md.o(.text)
    TIM4_IRQHandler                          0x080001a3   Thumb Code     0  startup_stm32f10x_md.o(.text)
    USART1_IRQHandler                        0x080001a3   Thumb Code     0  startup_stm32f10x_md.o(.text)
    USART2_IRQHandler                        0x080001a3   Thumb Code     0  startup_stm32f10x_md.o(.text)
    USART3_IRQHandler                        0x080001a3   Thumb Code     0  startup_stm32f10x_md.o(.text)
    USBWakeUp_IRQHandler                     0x080001a3   Thumb Code     0  startup_stm32f10x_md.o(.text)
    USB_HP_CAN1_TX_IRQHandler                0x080001a3   Thumb Code     0  startup_stm32f10x_md.o(.text)
    USB_LP_CAN1_RX0_IRQHandler               0x080001a3   Thumb Code     0  startup_stm32f10x_md.o(.text)
    WWDG_IRQHandler                          0x080001a3   Thumb Code     0  startup_stm32f10x_md.o(.text)
    __user_initial_stackheap                 0x080001a5   Thumb Code     0  startup_stm32f10x_md.o(.text)
    __use_two_region_memory                  0x080001c9   Thumb Code     2  heapauxi.o(.text)
    __rt_heap_escrow$2region                 0x080001cb   Thumb Code     2  heapauxi.o(.text)
    __rt_heap_expand$2region                 0x080001cd   Thumb Code     2  heapauxi.o(.text)
    __read_errno                             0x080001cf   Thumb Code    10  _rserrno.o(.text)
    __set_errno                              0x080001d9   Thumb Code    12  _rserrno.o(.text)
    __aeabi_errno_addr                       0x080001e5   Thumb Code     8  rt_errno_addr_intlibspace.o(.text)
    __errno$intlibspace                      0x080001e5   Thumb Code     0  rt_errno_addr_intlibspace.o(.text)
    __rt_errno_addr$intlibspace              0x080001e5   Thumb Code     0  rt_errno_addr_intlibspace.o(.text)
    __user_libspace                          0x080001ed   Thumb Code     8  libspace.o(.text)
    __user_perproc_libspace                  0x080001ed   Thumb Code     0  libspace.o(.text)
    __user_perthread_libspace                0x080001ed   Thumb Code     0  libspace.o(.text)
    __user_setup_stackheap                   0x080001f5   Thumb Code    74  sys_stackheap_outer.o(.text)
    exit                                     0x0800023f   Thumb Code    18  exit.o(.text)
    _sys_exit                                0x08000251   Thumb Code     8  sys_exit.o(.text)
    __I$use$semihosting                      0x0800025d   Thumb Code     0  use_no_semi.o(.text)
    __use_no_semihosting_swi                 0x0800025d   Thumb Code     2  use_no_semi.o(.text)
    __semihosting_library_function           0x0800025f   Thumb Code     0  indicate_semi.o(.text)
    BKP_ITConfig                             0x08000261   Thumb Code     6  stm32f10x_bkp.o(i.BKP_ITConfig)
    BKP_TamperPinCmd                         0x0800026d   Thumb Code     6  stm32f10x_bkp.o(i.BKP_TamperPinCmd)
    BMP280_GetData                           0x08000279   Thumb Code   722  bmp280.o(i.BMP280_GetData)
    BMP280_GetHeight                         0x08000565   Thumb Code    84  bmp280.o(i.BMP280_GetHeight)
    BMP280_Init                              0x080005d1   Thumb Code   300  bmp280.o(i.BMP280_Init)
    BMP280_ReadByte2Reg                      0x08000701   Thumb Code    62  bmp280.o(i.BMP280_ReadByte2Reg)
    BMP280_ReadID                            0x0800073f   Thumb Code     6  bmp280.o(i.BMP280_ReadID)
    BMP280_WaitRead                          0x08000745   Thumb Code    24  bmp280.o(i.BMP280_WaitRead)
    BMP280_WriteByte2Reg                     0x0800075d   Thumb Code    48  bmp280.o(i.BMP280_WriteByte2Reg)
    Beep_Init                                0x0800078d   Thumb Code   138  beep.o(i.Beep_Init)
    Beep_JustLoud                            0x08000821   Thumb Code    28  beep.o(i.Beep_JustLoud)
    Beep_Stop                                0x08000841   Thumb Code     8  beep.o(i.Beep_Stop)
    BusFault_Handler                         0x0800084d   Thumb Code     2  stm32f10x_it.o(i.BusFault_Handler)
    DebugMon_Handler                         0x0800084f   Thumb Code     2  stm32f10x_it.o(i.DebugMon_Handler)
    Delay_ms                                 0x08000851   Thumb Code    24  delay.o(i.Delay_ms)
    Delay_us                                 0x08000869   Thumb Code    32  delay.o(i.Delay_us)
    EXTI15_10_IRQHandler                     0x08000889   Thumb Code    36  countersensor.o(i.EXTI15_10_IRQHandler)
    EXTI_ClearITPendingBit                   0x080008b1   Thumb Code     6  stm32f10x_exti.o(i.EXTI_ClearITPendingBit)
    EXTI_GetITStatus                         0x080008bd   Thumb Code    28  stm32f10x_exti.o(i.EXTI_GetITStatus)
    GPIO_Init                                0x080008dd   Thumb Code   166  stm32f10x_gpio.o(i.GPIO_Init)
    GPIO_ReadInputDataBit                    0x08000983   Thumb Code    14  stm32f10x_gpio.o(i.GPIO_ReadInputDataBit)
    GPIO_ResetBits                           0x08000991   Thumb Code     4  stm32f10x_gpio.o(i.GPIO_ResetBits)
    GPIO_SetBits                             0x08000995   Thumb Code     4  stm32f10x_gpio.o(i.GPIO_SetBits)
    GPIO_WriteBit                            0x08000999   Thumb Code    12  stm32f10x_gpio.o(i.GPIO_WriteBit)
    HardFault_Handler                        0x080009a5   Thumb Code     2  stm32f10x_it.o(i.HardFault_Handler)
    LED13_Init                               0x080009a9   Thumb Code    60  led.o(i.LED13_Init)
    LED13_off                                0x080009e9   Thumb Code    10  led.o(i.LED13_off)
    LED13_on                                 0x080009f9   Thumb Code    10  led.o(i.LED13_on)
    MPU6050_GetData                          0x08000a09   Thumb Code   126  mpu6050.o(i.MPU6050_GetData)
    MPU6050_Init                             0x08000a87   Thumb Code    58  mpu6050.o(i.MPU6050_Init)
    MPU6050_ReadByte2Reg                     0x08000ac1   Thumb Code    62  mpu6050.o(i.MPU6050_ReadByte2Reg)
    MPU6050_ReadID                           0x08000aff   Thumb Code     6  mpu6050.o(i.MPU6050_ReadID)
    MPU6050_WriteByte2Reg                    0x08000b05   Thumb Code    48  mpu6050.o(i.MPU6050_WriteByte2Reg)
    MemManage_Handler                        0x08000b35   Thumb Code     2  stm32f10x_it.o(i.MemManage_Handler)
    NMI_Handler                              0x08000b37   Thumb Code     2  stm32f10x_it.o(i.NMI_Handler)
    OLED_Clear                               0x08000b39   Thumb Code    38  oled_simple.o(i.OLED_Clear)
    OLED_Init                                0x08000b5f   Thumb Code   160  oled_simple.o(i.OLED_Init)
    OLED_OpenShow                            0x08000c01   Thumb Code    82  oled_simple.o(i.OLED_OpenShow)
    OLED_Pow                                 0x08000c61   Thumb Code    16  oled_simple.o(i.OLED_Pow)
    OLED_SetCursor                           0x08000c71   Thumb Code    36  oled_simple.o(i.OLED_SetCursor)
    OLED_ShowChar                            0x08000c95   Thumb Code   116  oled_simple.o(i.OLED_ShowChar)
    OLED_ShowFloatNum                        0x08000d11   Thumb Code   194  oled_simple.o(i.OLED_ShowFloatNum)
    OLED_ShowHexNum                          0x08000dd3   Thumb Code    92  oled_simple.o(i.OLED_ShowHexNum)
    OLED_ShowImage                           0x08000e2f   Thumb Code    70  oled_simple.o(i.OLED_ShowImage)
    OLED_ShowNum                             0x08000e75   Thumb Code    72  oled_simple.o(i.OLED_ShowNum)
    OLED_ShowString                          0x08000ebd   Thumb Code    44  oled_simple.o(i.OLED_ShowString)
    OLED_WrtCmd                              0x08000ee9   Thumb Code    46  oled_simple.o(i.OLED_WrtCmd)
    OLED_WrtData                             0x08000f17   Thumb Code    46  oled_simple.o(i.OLED_WrtData)
    PendSV_Handler                           0x08000f45   Thumb Code     2  stm32f10x_it.o(i.PendSV_Handler)
    RCC_APB1PeriphClockCmd                   0x08000f49   Thumb Code    22  stm32f10x_rcc.o(i.RCC_APB1PeriphClockCmd)
    RCC_APB2PeriphClockCmd                   0x08000f65   Thumb Code    22  stm32f10x_rcc.o(i.RCC_APB2PeriphClockCmd)
    SVC_Handler                              0x08000f81   Thumb Code     2  stm32f10x_it.o(i.SVC_Handler)
    SysTick_Handler                          0x08001039   Thumb Code     2  stm32f10x_it.o(i.SysTick_Handler)
    SystemInit                               0x0800103d   Thumb Code    64  system_stm32f10x.o(i.SystemInit)
    TIM_Cmd                                  0x0800108d   Thumb Code    24  stm32f10x_tim.o(i.TIM_Cmd)
    TIM_InternalClockConfig                  0x080010a5   Thumb Code    10  stm32f10x_tim.o(i.TIM_InternalClockConfig)
    TIM_OC2Init                              0x080010b1   Thumb Code   128  stm32f10x_tim.o(i.TIM_OC2Init)
    TIM_OCStructInit                         0x08001139   Thumb Code    20  stm32f10x_tim.o(i.TIM_OCStructInit)
    TIM_PrescalerConfig                      0x0800114d   Thumb Code     6  stm32f10x_tim.o(i.TIM_PrescalerConfig)
    TIM_SetCompare2                          0x08001153   Thumb Code     4  stm32f10x_tim.o(i.TIM_SetCompare2)
    TIM_TimeBaseInit                         0x08001159   Thumb Code   114  stm32f10x_tim.o(i.TIM_TimeBaseInit)
    UsageFault_Handler                       0x080011f5   Thumb Code     2  stm32f10x_it.o(i.UsageFault_Handler)
    __ARM_fpclassify                         0x080011f7   Thumb Code    40  fpclassify.o(i.__ARM_fpclassify)
    __kernel_poly                            0x0800121f   Thumb Code   170  poly.o(i.__kernel_poly)
    __mathlib_dbl_divzero                    0x080012c9   Thumb Code    12  dunder.o(i.__mathlib_dbl_divzero)
    __mathlib_dbl_infnan2                    0x080012d9   Thumb Code     4  dunder.o(i.__mathlib_dbl_infnan2)
    __mathlib_dbl_invalid                    0x080012dd   Thumb Code    12  dunder.o(i.__mathlib_dbl_invalid)
    __mathlib_dbl_overflow                   0x080012e9   Thumb Code    14  dunder.o(i.__mathlib_dbl_overflow)
    __mathlib_dbl_underflow                  0x080012f9   Thumb Code    10  dunder.o(i.__mathlib_dbl_underflow)
    bmpI2C_Init                              0x08001309   Thumb Code    72  bmp280.o(i.bmpI2C_Init)
    bmpI2C_R_SDA                             0x08001355   Thumb Code    24  bmp280.o(i.bmpI2C_R_SDA)
    bmpI2C_ReceiveAck                        0x08001371   Thumb Code    30  bmp280.o(i.bmpI2C_ReceiveAck)
    bmpI2C_ReceiveByte                       0x0800138f   Thumb Code    50  bmp280.o(i.bmpI2C_ReceiveByte)
    bmpI2C_SendAck                           0x080013c1   Thumb Code    22  bmp280.o(i.bmpI2C_SendAck)
    bmpI2C_SendByte                          0x080013d7   Thumb Code    40  bmp280.o(i.bmpI2C_SendByte)
    bmpI2C_Start                             0x080013ff   Thumb Code    30  bmp280.o(i.bmpI2C_Start)
    bmpI2C_Stop                              0x0800141d   Thumb Code    24  bmp280.o(i.bmpI2C_Stop)
    bmpI2C_W_SCL                             0x08001435   Thumb Code    24  bmp280.o(i.bmpI2C_W_SCL)
    bmpI2C_W_SDA                             0x08001451   Thumb Code    24  bmp280.o(i.bmpI2C_W_SDA)
    main                                     0x0800146d   Thumb Code   178  main.o(i.main)
    mpuI2C_Init                              0x08001545   Thumb Code    72  mpu6050.o(i.mpuI2C_Init)
    mpuI2C_R_SDA                             0x08001591   Thumb Code    24  mpu6050.o(i.mpuI2C_R_SDA)
    mpuI2C_ReceiveAck                        0x080015ad   Thumb Code    30  mpu6050.o(i.mpuI2C_ReceiveAck)
    mpuI2C_ReceiveByte                       0x080015cb   Thumb Code    50  mpu6050.o(i.mpuI2C_ReceiveByte)
    mpuI2C_SendAck                           0x080015fd   Thumb Code    22  mpu6050.o(i.mpuI2C_SendAck)
    mpuI2C_SendByte                          0x08001613   Thumb Code    40  mpu6050.o(i.mpuI2C_SendByte)
    mpuI2C_Start                             0x0800163b   Thumb Code    30  mpu6050.o(i.mpuI2C_Start)
    mpuI2C_Stop                              0x08001659   Thumb Code    24  mpu6050.o(i.mpuI2C_Stop)
    mpuI2C_W_SCL                             0x08001671   Thumb Code    24  mpu6050.o(i.mpuI2C_W_SCL)
    mpuI2C_W_SDA                             0x0800168d   Thumb Code    24  mpu6050.o(i.mpuI2C_W_SDA)
    oledI2C_Init                             0x080016a9   Thumb Code    72  oled_simple.o(i.oledI2C_Init)
    oledI2C_R_SDA                            0x080016f5   Thumb Code    24  oled_simple.o(i.oledI2C_R_SDA)
    oledI2C_ReceiveAck                       0x08001711   Thumb Code    30  oled_simple.o(i.oledI2C_ReceiveAck)
    oledI2C_SendByte                         0x0800172f   Thumb Code    40  oled_simple.o(i.oledI2C_SendByte)
    oledI2C_Start                            0x08001757   Thumb Code    30  oled_simple.o(i.oledI2C_Start)
    oledI2C_Stop                             0x08001775   Thumb Code    24  oled_simple.o(i.oledI2C_Stop)
    oledI2C_W_SCL                            0x0800178d   Thumb Code    24  oled_simple.o(i.oledI2C_W_SCL)
    oledI2C_W_SDA                            0x080017a9   Thumb Code    24  oled_simple.o(i.oledI2C_W_SDA)
    pow                                      0x080017c5   Thumb Code  2512  pow.o(i.pow)
    round                                    0x0800219d   Thumb Code   136  round.o(i.round)
    sqrt                                     0x08002231   Thumb Code    76  sqrt.o(i.sqrt)
    __aeabi_dadd                             0x0800227d   Thumb Code     0  daddsub_clz.o(x$fpl$dadd)
    _dadd                                    0x0800227d   Thumb Code   332  daddsub_clz.o(x$fpl$dadd)
    __fpl_dcheck_NaN1                        0x080023cd   Thumb Code    10  dcheck1.o(x$fpl$dcheck1)
    __fpl_dcmp_Inf                           0x080023dd   Thumb Code    24  dcmpi.o(x$fpl$dcmpinf)
    __aeabi_ddiv                             0x080023f5   Thumb Code     0  ddiv.o(x$fpl$ddiv)
    _ddiv                                    0x080023f5   Thumb Code   552  ddiv.o(x$fpl$ddiv)
    __aeabi_cdcmpeq                          0x080026a5   Thumb Code     0  deqf.o(x$fpl$deqf)
    _dcmpeq                                  0x080026a5   Thumb Code   120  deqf.o(x$fpl$deqf)
    __aeabi_d2iz                             0x0800271d   Thumb Code     0  dfix.o(x$fpl$dfix)
    _dfix                                    0x0800271d   Thumb Code    94  dfix.o(x$fpl$dfix)
    __aeabi_d2uiz                            0x0800277d   Thumb Code     0  dfixu.o(x$fpl$dfixu)
    _dfixu                                   0x0800277d   Thumb Code    90  dfixu.o(x$fpl$dfixu)
    __aeabi_i2d                              0x080027d7   Thumb Code     0  dflt_clz.o(x$fpl$dflt)
    _dflt                                    0x080027d7   Thumb Code    46  dflt_clz.o(x$fpl$dflt)
    __aeabi_ui2d                             0x08002805   Thumb Code     0  dflt_clz.o(x$fpl$dfltu)
    _dfltu                                   0x08002805   Thumb Code    38  dflt_clz.o(x$fpl$dfltu)
    __aeabi_cdcmple                          0x0800282d   Thumb Code     0  dleqf.o(x$fpl$dleqf)
    _dcmple                                  0x0800282d   Thumb Code   120  dleqf.o(x$fpl$dleqf)
    __fpl_dcmple_InfNaN                      0x0800288f   Thumb Code     0  dleqf.o(x$fpl$dleqf)
    __aeabi_dmul                             0x080028a5   Thumb Code     0  dmul.o(x$fpl$dmul)
    _dmul                                    0x080028a5   Thumb Code   332  dmul.o(x$fpl$dmul)
    __fpl_dnaninf                            0x080029f9   Thumb Code   156  dnaninf.o(x$fpl$dnaninf)
    __fpl_dretinf                            0x08002a95   Thumb Code    12  dretinf.o(x$fpl$dretinf)
    __aeabi_cdrcmple                         0x08002aa1   Thumb Code     0  drleqf.o(x$fpl$drleqf)
    _drcmple                                 0x08002aa1   Thumb Code   108  drleqf.o(x$fpl$drleqf)
    _drnd                                    0x08002b0d   Thumb Code   180  drnd.o(x$fpl$drnd)
    __aeabi_drsub                            0x08002bc1   Thumb Code     0  daddsub_clz.o(x$fpl$drsb)
    _drsb                                    0x08002bc1   Thumb Code    22  daddsub_clz.o(x$fpl$drsb)
    _dsqrt                                   0x08002bd9   Thumb Code   456  dsqrt_noumaal.o(x$fpl$dsqrt)
    __aeabi_dsub                             0x08002da5   Thumb Code     0  daddsub_clz.o(x$fpl$dsub)
    _dsub                                    0x08002da5   Thumb Code   464  daddsub_clz.o(x$fpl$dsub)
    __fpl_return_NaN                         0x08002f79   Thumb Code   100  retnan.o(x$fpl$retnan)
    __ARM_scalbn                             0x08002fdd   Thumb Code    92  scalbn.o(x$fpl$scalbn)
    __fpl_cmpreturn                          0x08003039   Thumb Code    48  trapv.o(x$fpl$trapveneer)
    OLED_F8x16                               0x08003068   Data        1520  oled_data.o(.constdata)
    __I$use$fp                               0x08003068   Number         0  usenofp.o(x$fpl$usenofp)
    OLED_F6x8                                0x08003658   Data         570  oled_data.o(.constdata)
    NWPU                                     0x08003892   Data         512  oled_data.o(.constdata)
    xc                                       0x08003a92   Data         256  oled_data.o(.constdata)
    tk                                       0x08003b92   Data         256  oled_data.o(.constdata)
    __mathlib_zero                           0x08003d20   Data           8  qnan.o(.constdata)
    Region$$Table$$Base                      0x08003d28   Number         0  anon$$obj.o(Region$$Table)
    Region$$Table$$Limit                     0x08003d48   Number         0  anon$$obj.o(Region$$Table)
    CounterSensor_Count                      0x20000000   Data           2  countersensor.o(.data)
    bmp280                                   0x20000004   Data           4  bmp280.o(.data)
    bmp                                      0x20000008   Data          24  bmp280.o(.bss)
    Data                                     0x20000020   Data          12  main.o(.bss)
    __libspace_start                         0x2000002c   Data          96  libspace.o(.bss)
    __temporary_stack_top$libspace           0x2000008c   Data           0  libspace.o(.bss)



==============================================================================

Memory Map of the image

  Image Entry point : 0x080000ed

  Load Region LR_IROM1 (Base: 0x08000000, Size: 0x00003d50, Max: 0x00010000, ABSOLUTE)

    Execution Region ER_IROM1 (Exec base: 0x08000000, Load base: 0x08000000, Size: 0x00003d48, Max: 0x00010000, ABSOLUTE)

    Exec Addr    Load Addr    Size         Type   Attr      Idx    E Section Name        Object

    0x08000000   0x08000000   0x000000ec   Data   RO            3    RESET               startup_stm32f10x_md.o
    0x080000ec   0x080000ec   0x00000008   Code   RO         4121  * !!!main             c_w.l(__main.o)
    0x080000f4   0x080000f4   0x00000034   Code   RO         4397    !!!scatter          c_w.l(__scatter.o)
    0x08000128   0x08000128   0x0000001a   Code   RO         4399    !!handler_copy      c_w.l(__scatter_copy.o)
    0x08000142   0x08000142   0x00000002   PAD
    0x08000144   0x08000144   0x0000001c   Code   RO         4401    !!handler_zi        c_w.l(__scatter_zi.o)
    0x08000160   0x08000160   0x00000002   Code   RO         4268    .ARM.Collect$$libinit$$00000000  c_w.l(libinit.o)
    0x08000162   0x08000162   0x00000000   Code   RO         4274    .ARM.Collect$$libinit$$00000002  c_w.l(libinit2.o)
    0x08000162   0x08000162   0x00000000   Code   RO         4276    .ARM.Collect$$libinit$$00000004  c_w.l(libinit2.o)
    0x08000162   0x08000162   0x00000000   Code   RO         4279    .ARM.Collect$$libinit$$0000000A  c_w.l(libinit2.o)
    0x08000162   0x08000162   0x00000000   Code   RO         4281    .ARM.Collect$$libinit$$0000000C  c_w.l(libinit2.o)
    0x08000162   0x08000162   0x00000000   Code   RO         4283    .ARM.Collect$$libinit$$0000000E  c_w.l(libinit2.o)
    0x08000162   0x08000162   0x00000000   Code   RO         4286    .ARM.Collect$$libinit$$00000011  c_w.l(libinit2.o)
    0x08000162   0x08000162   0x00000000   Code   RO         4288    .ARM.Collect$$libinit$$00000013  c_w.l(libinit2.o)
    0x08000162   0x08000162   0x00000000   Code   RO         4290    .ARM.Collect$$libinit$$00000015  c_w.l(libinit2.o)
    0x08000162   0x08000162   0x00000000   Code   RO         4292    .ARM.Collect$$libinit$$00000017  c_w.l(libinit2.o)
    0x08000162   0x08000162   0x00000000   Code   RO         4294    .ARM.Collect$$libinit$$00000019  c_w.l(libinit2.o)
    0x08000162   0x08000162   0x00000000   Code   RO         4296    .ARM.Collect$$libinit$$0000001B  c_w.l(libinit2.o)
    0x08000162   0x08000162   0x00000000   Code   RO         4298    .ARM.Collect$$libinit$$0000001D  c_w.l(libinit2.o)
    0x08000162   0x08000162   0x00000000   Code   RO         4300    .ARM.Collect$$libinit$$0000001F  c_w.l(libinit2.o)
    0x08000162   0x08000162   0x00000000   Code   RO         4302    .ARM.Collect$$libinit$$00000021  c_w.l(libinit2.o)
    0x08000162   0x08000162   0x00000000   Code   RO         4304    .ARM.Collect$$libinit$$00000023  c_w.l(libinit2.o)
    0x08000162   0x08000162   0x00000000   Code   RO         4306    .ARM.Collect$$libinit$$00000025  c_w.l(libinit2.o)
    0x08000162   0x08000162   0x00000000   Code   RO         4310    .ARM.Collect$$libinit$$0000002C  c_w.l(libinit2.o)
    0x08000162   0x08000162   0x00000000   Code   RO         4312    .ARM.Collect$$libinit$$0000002E  c_w.l(libinit2.o)
    0x08000162   0x08000162   0x00000000   Code   RO         4314    .ARM.Collect$$libinit$$00000030  c_w.l(libinit2.o)
    0x08000162   0x08000162   0x00000000   Code   RO         4316    .ARM.Collect$$libinit$$00000032  c_w.l(libinit2.o)
    0x08000162   0x08000162   0x00000002   Code   RO         4317    .ARM.Collect$$libinit$$00000033  c_w.l(libinit2.o)
    0x08000164   0x08000164   0x00000002   Code   RO         4337    .ARM.Collect$$libshutdown$$00000000  c_w.l(libshutdown.o)
    0x08000166   0x08000166   0x00000000   Code   RO         4350    .ARM.Collect$$libshutdown$$00000002  c_w.l(libshutdown2.o)
    0x08000166   0x08000166   0x00000000   Code   RO         4352    .ARM.Collect$$libshutdown$$00000004  c_w.l(libshutdown2.o)
    0x08000166   0x08000166   0x00000000   Code   RO         4355    .ARM.Collect$$libshutdown$$00000007  c_w.l(libshutdown2.o)
    0x08000166   0x08000166   0x00000000   Code   RO         4358    .ARM.Collect$$libshutdown$$0000000A  c_w.l(libshutdown2.o)
    0x08000166   0x08000166   0x00000000   Code   RO         4360    .ARM.Collect$$libshutdown$$0000000C  c_w.l(libshutdown2.o)
    0x08000166   0x08000166   0x00000000   Code   RO         4363    .ARM.Collect$$libshutdown$$0000000F  c_w.l(libshutdown2.o)
    0x08000166   0x08000166   0x00000002   Code   RO         4364    .ARM.Collect$$libshutdown$$00000010  c_w.l(libshutdown2.o)
    0x08000168   0x08000168   0x00000000   Code   RO         4193    .ARM.Collect$$rtentry$$00000000  c_w.l(__rtentry.o)
    0x08000168   0x08000168   0x00000000   Code   RO         4235    .ARM.Collect$$rtentry$$00000002  c_w.l(__rtentry2.o)
    0x08000168   0x08000168   0x00000006   Code   RO         4247    .ARM.Collect$$rtentry$$00000004  c_w.l(__rtentry4.o)
    0x0800016e   0x0800016e   0x00000000   Code   RO         4237    .ARM.Collect$$rtentry$$00000009  c_w.l(__rtentry2.o)
    0x0800016e   0x0800016e   0x00000004   Code   RO         4238    .ARM.Collect$$rtentry$$0000000A  c_w.l(__rtentry2.o)
    0x08000172   0x08000172   0x00000000   Code   RO         4240    .ARM.Collect$$rtentry$$0000000C  c_w.l(__rtentry2.o)
    0x08000172   0x08000172   0x00000008   Code   RO         4241    .ARM.Collect$$rtentry$$0000000D  c_w.l(__rtentry2.o)
    0x0800017a   0x0800017a   0x00000002   Code   RO         4271    .ARM.Collect$$rtexit$$00000000  c_w.l(rtexit.o)
    0x0800017c   0x0800017c   0x00000000   Code   RO         4319    .ARM.Collect$$rtexit$$00000002  c_w.l(rtexit2.o)
    0x0800017c   0x0800017c   0x00000004   Code   RO         4320    .ARM.Collect$$rtexit$$00000003  c_w.l(rtexit2.o)
    0x08000180   0x08000180   0x00000006   Code   RO         4321    .ARM.Collect$$rtexit$$00000004  c_w.l(rtexit2.o)
    0x08000186   0x08000186   0x00000002   PAD
    0x08000188   0x08000188   0x00000040   Code   RO            4    .text               startup_stm32f10x_md.o
    0x080001c8   0x080001c8   0x00000006   Code   RO         4119    .text               c_w.l(heapauxi.o)
    0x080001ce   0x080001ce   0x00000016   Code   RO         4194    .text               c_w.l(_rserrno.o)
    0x080001e4   0x080001e4   0x00000008   Code   RO         4252    .text               c_w.l(rt_errno_addr_intlibspace.o)
    0x080001ec   0x080001ec   0x00000008   Code   RO         4256    .text               c_w.l(libspace.o)
    0x080001f4   0x080001f4   0x0000004a   Code   RO         4259    .text               c_w.l(sys_stackheap_outer.o)
    0x0800023e   0x0800023e   0x00000012   Code   RO         4261    .text               c_w.l(exit.o)
    0x08000250   0x08000250   0x0000000c   Code   RO         4329    .text               c_w.l(sys_exit.o)
    0x0800025c   0x0800025c   0x00000002   Code   RO         4340    .text               c_w.l(use_no_semi.o)
    0x0800025e   0x0800025e   0x00000000   Code   RO         4342    .text               c_w.l(indicate_semi.o)
    0x0800025e   0x0800025e   0x00000002   PAD
    0x08000260   0x08000260   0x0000000c   Code   RO          471    i.BKP_ITConfig      stm32f10x_bkp.o
    0x0800026c   0x0800026c   0x0000000c   Code   RO          475    i.BKP_TamperPinCmd  stm32f10x_bkp.o
    0x08000278   0x08000278   0x000002ec   Code   RO         3808    i.BMP280_GetData    bmp280.o
    0x08000564   0x08000564   0x0000006c   Code   RO         3809    i.BMP280_GetHeight  bmp280.o
    0x080005d0   0x080005d0   0x00000130   Code   RO         3810    i.BMP280_Init       bmp280.o
    0x08000700   0x08000700   0x0000003e   Code   RO         3811    i.BMP280_ReadByte2Reg  bmp280.o
    0x0800073e   0x0800073e   0x00000006   Code   RO         3812    i.BMP280_ReadID     bmp280.o
    0x08000744   0x08000744   0x00000018   Code   RO         3813    i.BMP280_WaitRead   bmp280.o
    0x0800075c   0x0800075c   0x00000030   Code   RO         3814    i.BMP280_WriteByte2Reg  bmp280.o
    0x0800078c   0x0800078c   0x00000094   Code   RO         3926    i.Beep_Init         beep.o
    0x08000820   0x08000820   0x00000020   Code   RO         3927    i.Beep_JustLoud     beep.o
    0x08000840   0x08000840   0x0000000c   Code   RO         3929    i.Beep_Stop         beep.o
    0x0800084c   0x0800084c   0x00000002   Code   RO         4054    i.BusFault_Handler  stm32f10x_it.o
    0x0800084e   0x0800084e   0x00000002   Code   RO         4055    i.DebugMon_Handler  stm32f10x_it.o
    0x08000850   0x08000850   0x00000018   Code   RO          137    i.Delay_ms          delay.o
    0x08000868   0x08000868   0x00000020   Code   RO          139    i.Delay_us          delay.o
    0x08000888   0x08000888   0x00000028   Code   RO         3669    i.EXTI15_10_IRQHandler  countersensor.o
    0x080008b0   0x080008b0   0x0000000c   Code   RO         1027    i.EXTI_ClearITPendingBit  stm32f10x_exti.o
    0x080008bc   0x080008bc   0x00000020   Code   RO         1031    i.EXTI_GetITStatus  stm32f10x_exti.o
    0x080008dc   0x080008dc   0x000000a6   Code   RO         1389    i.GPIO_Init         stm32f10x_gpio.o
    0x08000982   0x08000982   0x0000000e   Code   RO         1393    i.GPIO_ReadInputDataBit  stm32f10x_gpio.o
    0x08000990   0x08000990   0x00000004   Code   RO         1396    i.GPIO_ResetBits    stm32f10x_gpio.o
    0x08000994   0x08000994   0x00000004   Code   RO         1397    i.GPIO_SetBits      stm32f10x_gpio.o
    0x08000998   0x08000998   0x0000000c   Code   RO         1400    i.GPIO_WriteBit     stm32f10x_gpio.o
    0x080009a4   0x080009a4   0x00000002   Code   RO         4056    i.HardFault_Handler  stm32f10x_it.o
    0x080009a6   0x080009a6   0x00000002   PAD
    0x080009a8   0x080009a8   0x00000040   Code   RO         3977    i.LED13_Init        led.o
    0x080009e8   0x080009e8   0x00000010   Code   RO         3978    i.LED13_off         led.o
    0x080009f8   0x080009f8   0x00000010   Code   RO         3979    i.LED13_on          led.o
    0x08000a08   0x08000a08   0x0000007e   Code   RO         3308    i.MPU6050_GetData   mpu6050.o
    0x08000a86   0x08000a86   0x0000003a   Code   RO         3309    i.MPU6050_Init      mpu6050.o
    0x08000ac0   0x08000ac0   0x0000003e   Code   RO         3310    i.MPU6050_ReadByte2Reg  mpu6050.o
    0x08000afe   0x08000afe   0x00000006   Code   RO         3311    i.MPU6050_ReadID    mpu6050.o
    0x08000b04   0x08000b04   0x00000030   Code   RO         3312    i.MPU6050_WriteByte2Reg  mpu6050.o
    0x08000b34   0x08000b34   0x00000002   Code   RO         4057    i.MemManage_Handler  stm32f10x_it.o
    0x08000b36   0x08000b36   0x00000002   Code   RO         4058    i.NMI_Handler       stm32f10x_it.o
    0x08000b38   0x08000b38   0x00000026   Code   RO         3419    i.OLED_Clear        oled_simple.o
    0x08000b5e   0x08000b5e   0x000000a0   Code   RO         3420    i.OLED_Init         oled_simple.o
    0x08000bfe   0x08000bfe   0x00000002   PAD
    0x08000c00   0x08000c00   0x00000060   Code   RO         3421    i.OLED_OpenShow     oled_simple.o
    0x08000c60   0x08000c60   0x00000010   Code   RO         3422    i.OLED_Pow          oled_simple.o
    0x08000c70   0x08000c70   0x00000024   Code   RO         3423    i.OLED_SetCursor    oled_simple.o
    0x08000c94   0x08000c94   0x0000007c   Code   RO         3424    i.OLED_ShowChar     oled_simple.o
    0x08000d10   0x08000d10   0x000000c2   Code   RO         3425    i.OLED_ShowFloatNum  oled_simple.o
    0x08000dd2   0x08000dd2   0x0000005c   Code   RO         3426    i.OLED_ShowHexNum   oled_simple.o
    0x08000e2e   0x08000e2e   0x00000046   Code   RO         3427    i.OLED_ShowImage    oled_simple.o
    0x08000e74   0x08000e74   0x00000048   Code   RO         3428    i.OLED_ShowNum      oled_simple.o
    0x08000ebc   0x08000ebc   0x0000002c   Code   RO         3430    i.OLED_ShowString   oled_simple.o
    0x08000ee8   0x08000ee8   0x0000002e   Code   RO         3431    i.OLED_WrtCmd       oled_simple.o
    0x08000f16   0x08000f16   0x0000002e   Code   RO         3432    i.OLED_WrtData      oled_simple.o
    0x08000f44   0x08000f44   0x00000002   Code   RO         4059    i.PendSV_Handler    stm32f10x_it.o
    0x08000f46   0x08000f46   0x00000002   PAD
    0x08000f48   0x08000f48   0x0000001c   Code   RO         1817    i.RCC_APB1PeriphClockCmd  stm32f10x_rcc.o
    0x08000f64   0x08000f64   0x0000001c   Code   RO         1819    i.RCC_APB2PeriphClockCmd  stm32f10x_rcc.o
    0x08000f80   0x08000f80   0x00000002   Code   RO         4060    i.SVC_Handler       stm32f10x_it.o
    0x08000f82   0x08000f82   0x00000004   Code   RO           24    i.SetSysClock       system_stm32f10x.o
    0x08000f86   0x08000f86   0x00000002   PAD
    0x08000f88   0x08000f88   0x000000b0   Code   RO           25    i.SetSysClockTo72   system_stm32f10x.o
    0x08001038   0x08001038   0x00000002   Code   RO         4061    i.SysTick_Handler   stm32f10x_it.o
    0x0800103a   0x0800103a   0x00000002   PAD
    0x0800103c   0x0800103c   0x00000050   Code   RO           27    i.SystemInit        system_stm32f10x.o
    0x0800108c   0x0800108c   0x00000018   Code   RO         2463    i.TIM_Cmd           stm32f10x_tim.o
    0x080010a4   0x080010a4   0x0000000a   Code   RO         2490    i.TIM_InternalClockConfig  stm32f10x_tim.o
    0x080010ae   0x080010ae   0x00000002   PAD
    0x080010b0   0x080010b0   0x00000088   Code   RO         2497    i.TIM_OC2Init       stm32f10x_tim.o
    0x08001138   0x08001138   0x00000014   Code   RO         2510    i.TIM_OCStructInit  stm32f10x_tim.o
    0x0800114c   0x0800114c   0x00000006   Code   RO         2512    i.TIM_PrescalerConfig  stm32f10x_tim.o
    0x08001152   0x08001152   0x00000004   Code   RO         2525    i.TIM_SetCompare2   stm32f10x_tim.o
    0x08001156   0x08001156   0x00000002   PAD
    0x08001158   0x08001158   0x0000009c   Code   RO         2534    i.TIM_TimeBaseInit  stm32f10x_tim.o
    0x080011f4   0x080011f4   0x00000002   Code   RO         4062    i.UsageFault_Handler  stm32f10x_it.o
    0x080011f6   0x080011f6   0x00000028   Code   RO         4229    i.__ARM_fpclassify  m_ws.l(fpclassify.o)
    0x0800121e   0x0800121e   0x000000aa   Code   RO         4231    i.__kernel_poly     m_ws.l(poly.o)
    0x080012c8   0x080012c8   0x00000010   Code   RO         4215    i.__mathlib_dbl_divzero  m_ws.l(dunder.o)
    0x080012d8   0x080012d8   0x00000004   Code   RO         4217    i.__mathlib_dbl_infnan2  m_ws.l(dunder.o)
    0x080012dc   0x080012dc   0x0000000c   Code   RO         4218    i.__mathlib_dbl_invalid  m_ws.l(dunder.o)
    0x080012e8   0x080012e8   0x0000000e   Code   RO         4219    i.__mathlib_dbl_overflow  m_ws.l(dunder.o)
    0x080012f6   0x080012f6   0x00000002   PAD
    0x080012f8   0x080012f8   0x00000010   Code   RO         4221    i.__mathlib_dbl_underflow  m_ws.l(dunder.o)
    0x08001308   0x08001308   0x0000004c   Code   RO         3815    i.bmpI2C_Init       bmp280.o
    0x08001354   0x08001354   0x0000001c   Code   RO         3816    i.bmpI2C_R_SDA      bmp280.o
    0x08001370   0x08001370   0x0000001e   Code   RO         3817    i.bmpI2C_ReceiveAck  bmp280.o
    0x0800138e   0x0800138e   0x00000032   Code   RO         3818    i.bmpI2C_ReceiveByte  bmp280.o
    0x080013c0   0x080013c0   0x00000016   Code   RO         3819    i.bmpI2C_SendAck    bmp280.o
    0x080013d6   0x080013d6   0x00000028   Code   RO         3820    i.bmpI2C_SendByte   bmp280.o
    0x080013fe   0x080013fe   0x0000001e   Code   RO         3821    i.bmpI2C_Start      bmp280.o
    0x0800141c   0x0800141c   0x00000018   Code   RO         3822    i.bmpI2C_Stop       bmp280.o
    0x08001434   0x08001434   0x0000001c   Code   RO         3823    i.bmpI2C_W_SCL      bmp280.o
    0x08001450   0x08001450   0x0000001c   Code   RO         3824    i.bmpI2C_W_SDA      bmp280.o
    0x0800146c   0x0800146c   0x000000d8   Code   RO         4001    i.main              main.o
    0x08001544   0x08001544   0x0000004c   Code   RO         3313    i.mpuI2C_Init       mpu6050.o
    0x08001590   0x08001590   0x0000001c   Code   RO         3314    i.mpuI2C_R_SDA      mpu6050.o
    0x080015ac   0x080015ac   0x0000001e   Code   RO         3315    i.mpuI2C_ReceiveAck  mpu6050.o
    0x080015ca   0x080015ca   0x00000032   Code   RO         3316    i.mpuI2C_ReceiveByte  mpu6050.o
    0x080015fc   0x080015fc   0x00000016   Code   RO         3317    i.mpuI2C_SendAck    mpu6050.o
    0x08001612   0x08001612   0x00000028   Code   RO         3318    i.mpuI2C_SendByte   mpu6050.o
    0x0800163a   0x0800163a   0x0000001e   Code   RO         3319    i.mpuI2C_Start      mpu6050.o
    0x08001658   0x08001658   0x00000018   Code   RO         3320    i.mpuI2C_Stop       mpu6050.o
    0x08001670   0x08001670   0x0000001c   Code   RO         3321    i.mpuI2C_W_SCL      mpu6050.o
    0x0800168c   0x0800168c   0x0000001c   Code   RO         3322    i.mpuI2C_W_SDA      mpu6050.o
    0x080016a8   0x080016a8   0x0000004c   Code   RO         3433    i.oledI2C_Init      oled_simple.o
    0x080016f4   0x080016f4   0x0000001c   Code   RO         3434    i.oledI2C_R_SDA     oled_simple.o
    0x08001710   0x08001710   0x0000001e   Code   RO         3435    i.oledI2C_ReceiveAck  oled_simple.o
    0x0800172e   0x0800172e   0x00000028   Code   RO         3438    i.oledI2C_SendByte  oled_simple.o
    0x08001756   0x08001756   0x0000001e   Code   RO         3439    i.oledI2C_Start     oled_simple.o
    0x08001774   0x08001774   0x00000018   Code   RO         3440    i.oledI2C_Stop      oled_simple.o
    0x0800178c   0x0800178c   0x0000001c   Code   RO         3441    i.oledI2C_W_SCL     oled_simple.o
    0x080017a8   0x080017a8   0x0000001c   Code   RO         3442    i.oledI2C_W_SDA     oled_simple.o
    0x080017c4   0x080017c4   0x000009d8   Code   RO         4174    i.pow               m_ws.l(pow.o)
    0x0800219c   0x0800219c   0x00000094   Code   RO         4183    i.round             m_ws.l(round.o)
    0x08002230   0x08002230   0x0000004c   Code   RO         4186    i.sqrt              m_ws.l(sqrt.o)
    0x0800227c   0x0800227c   0x00000150   Code   RO         4125    x$fpl$dadd          fz_ws.l(daddsub_clz.o)
    0x080023cc   0x080023cc   0x00000010   Code   RO         4196    x$fpl$dcheck1       fz_ws.l(dcheck1.o)
    0x080023dc   0x080023dc   0x00000018   Code   RO         4198    x$fpl$dcmpinf       fz_ws.l(dcmpi.o)
    0x080023f4   0x080023f4   0x000002b0   Code   RO         4132    x$fpl$ddiv          fz_ws.l(ddiv.o)
    0x080026a4   0x080026a4   0x00000078   Code   RO         4135    x$fpl$deqf          fz_ws.l(deqf.o)
    0x0800271c   0x0800271c   0x0000005e   Code   RO         4137    x$fpl$dfix          fz_ws.l(dfix.o)
    0x0800277a   0x0800277a   0x00000002   PAD
    0x0800277c   0x0800277c   0x0000005a   Code   RO         4141    x$fpl$dfixu         fz_ws.l(dfixu.o)
    0x080027d6   0x080027d6   0x0000002e   Code   RO         4146    x$fpl$dflt          fz_ws.l(dflt_clz.o)
    0x08002804   0x08002804   0x00000026   Code   RO         4145    x$fpl$dfltu         fz_ws.l(dflt_clz.o)
    0x0800282a   0x0800282a   0x00000002   PAD
    0x0800282c   0x0800282c   0x00000078   Code   RO         4200    x$fpl$dleqf         fz_ws.l(dleqf.o)
    0x080028a4   0x080028a4   0x00000154   Code   RO         4151    x$fpl$dmul          fz_ws.l(dmul.o)
    0x080029f8   0x080029f8   0x0000009c   Code   RO         4202    x$fpl$dnaninf       fz_ws.l(dnaninf.o)
    0x08002a94   0x08002a94   0x0000000c   Code   RO         4204    x$fpl$dretinf       fz_ws.l(dretinf.o)
    0x08002aa0   0x08002aa0   0x0000006c   Code   RO         4153    x$fpl$drleqf        fz_ws.l(drleqf.o)
    0x08002b0c   0x08002b0c   0x000000b4   Code   RO         4206    x$fpl$drnd          fz_ws.l(drnd.o)
    0x08002bc0   0x08002bc0   0x00000016   Code   RO         4126    x$fpl$drsb          fz_ws.l(daddsub_clz.o)
    0x08002bd6   0x08002bd6   0x00000002   PAD
    0x08002bd8   0x08002bd8   0x000001cc   Code   RO         4208    x$fpl$dsqrt         fz_ws.l(dsqrt_noumaal.o)
    0x08002da4   0x08002da4   0x000001d4   Code   RO         4127    x$fpl$dsub          fz_ws.l(daddsub_clz.o)
    0x08002f78   0x08002f78   0x00000064   Code   RO         4254    x$fpl$retnan        fz_ws.l(retnan.o)
    0x08002fdc   0x08002fdc   0x0000005c   Code   RO         4171    x$fpl$scalbn        fz_ws.l(scalbn.o)
    0x08003038   0x08003038   0x00000030   Code   RO         4269    x$fpl$trapveneer    fz_ws.l(trapv.o)
    0x08003068   0x08003068   0x00000000   Code   RO         4214    x$fpl$usenofp       fz_ws.l(usenofp.o)
    0x08003068   0x08003068   0x000005f0   Data   RO         3573    .constdata          oled_data.o
    0x08003658   0x08003658   0x0000023a   Data   RO         3574    .constdata          oled_data.o
    0x08003892   0x08003892   0x00000200   Data   RO         3575    .constdata          oled_data.o
    0x08003a92   0x08003a92   0x00000100   Data   RO         3576    .constdata          oled_data.o
    0x08003b92   0x08003b92   0x00000100   Data   RO         3577    .constdata          oled_data.o
    0x08003c92   0x08003c92   0x00000006   PAD
    0x08003c98   0x08003c98   0x00000088   Data   RO         4175    .constdata          m_ws.l(pow.o)
    0x08003d20   0x08003d20   0x00000008   Data   RO         4233    .constdata          m_ws.l(qnan.o)
    0x08003d28   0x08003d28   0x00000020   Data   RO         4395    Region$$Table       anon$$obj.o


    Execution Region RW_IRAM1 (Exec base: 0x20000000, Load base: 0x08003d48, Size: 0x00000690, Max: 0x00005000, ABSOLUTE)

    Exec Addr    Load Addr    Size         Type   Attr      Idx    E Section Name        Object

    0x20000000   0x08003d48   0x00000002   Data   RW         3670    .data               countersensor.o
    0x20000002   0x08003d4a   0x00000002   PAD
    0x20000004   0x08003d4c   0x00000004   Data   RW         3826    .data               bmp280.o
    0x20000008        -       0x00000018   Zero   RW         3825    .bss                bmp280.o
    0x20000020        -       0x0000000c   Zero   RW         4002    .bss                main.o
    0x2000002c        -       0x00000060   Zero   RW         4257    .bss                c_w.l(libspace.o)
    0x2000008c   0x08003d50   0x00000004   PAD
    0x20000090        -       0x00000200   Zero   RW            2    HEAP                startup_stm32f10x_md.o
    0x20000290        -       0x00000400   Zero   RW            1    STACK               startup_stm32f10x_md.o


==============================================================================

Image component sizes


      Code (inc. data)   RO Data    RW Data    ZI Data      Debug   Object Name

       192         18          0          0          0       1500   beep.o
      1656         70          0          4         24      10278   bmp280.o
         0          0          0          0          0       4500   core_cm3.o
        40          4          0          2          0        765   countersensor.o
        56          0          0          0          0     202634   delay.o
        96         16          0          0          0       1280   led.o
       216         38          0          0         12       1824   main.o
       656         16          0          0          0       8593   mpu6050.o
         0          0       3114          0          0        686   oled_data.o
      1318         38          0          0          0      13332   oled_simple.o
        64         26        236          0       1536        828   startup_stm32f10x_md.o
        24         12          0          0          0        942   stm32f10x_bkp.o
        44         10          0          0          0       1112   stm32f10x_exti.o
       200          0          0          0          0      12476   stm32f10x_gpio.o
        18          0          0          0          0       3766   stm32f10x_it.o
        56         12          0          0          0       1122   stm32f10x_rcc.o
       356         50          0          0          0      24944   stm32f10x_tim.o
       260         26          0          0          0      30493   system_stm32f10x.o

    ----------------------------------------------------------------------
      5266        336       3388          8       1572     321075   Object Totals
         0          0         32          0          0          0   (incl. Generated)
        14          0          6          2          0          0   (incl. Padding)

    ----------------------------------------------------------------------

      Code (inc. data)   RO Data    RW Data    ZI Data      Debug   Library Member Name

         8          0          0          0          0         68   __main.o
         0          0          0          0          0          0   __rtentry.o
        12          0          0          0          0          0   __rtentry2.o
         6          0          0          0          0          0   __rtentry4.o
        52          8          0          0          0          0   __scatter.o
        26          0          0          0          0          0   __scatter_copy.o
        28          0          0          0          0          0   __scatter_zi.o
        22          0          0          0          0        100   _rserrno.o
        18          0          0          0          0         80   exit.o
         6          0          0          0          0        152   heapauxi.o
         0          0          0          0          0          0   indicate_semi.o
         2          0          0          0          0          0   libinit.o
         2          0          0          0          0          0   libinit2.o
         2          0          0          0          0          0   libshutdown.o
         2          0          0          0          0          0   libshutdown2.o
         8          4          0          0         96         68   libspace.o
         8          4          0          0          0         68   rt_errno_addr_intlibspace.o
         2          0          0          0          0          0   rtexit.o
        10          0          0          0          0          0   rtexit2.o
        12          4          0          0          0         68   sys_exit.o
        74          0          0          0          0         80   sys_stackheap_outer.o
         2          0          0          0          0         68   use_no_semi.o
       826         16          0          0          0        348   daddsub_clz.o
        16          4          0          0          0         68   dcheck1.o
        24          0          0          0          0         68   dcmpi.o
       688        140          0          0          0        208   ddiv.o
       120          4          0          0          0         92   deqf.o
        94          4          0          0          0         92   dfix.o
        90          4          0          0          0         92   dfixu.o
        84          0          0          0          0        136   dflt_clz.o
       120          4          0          0          0         92   dleqf.o
       340         12          0          0          0        104   dmul.o
       156          4          0          0          0         92   dnaninf.o
        12          0          0          0          0         68   dretinf.o
       108          0          0          0          0         80   drleqf.o
       180          4          0          0          0         80   drnd.o
       460         56          0          0          0        120   dsqrt_noumaal.o
       100          0          0          0          0         68   retnan.o
        92          0          0          0          0         68   scalbn.o
        48          0          0          0          0         68   trapv.o
         0          0          0          0          0          0   usenofp.o
        62         10          0          0          0        340   dunder.o
        40          0          0          0          0         68   fpclassify.o
       170          0          0          0          0         96   poly.o
      2520        190        136          0          0        324   pow.o
         0          0          8          0          0          0   qnan.o
       148         12          0          0          0         88   round.o
        76          0          0          0          0         84   sqrt.o

    ----------------------------------------------------------------------
      6890        484        144          0        100       3696   Library Totals
        14          0          0          0          4          0   (incl. Padding)

    ----------------------------------------------------------------------

      Code (inc. data)   RO Data    RW Data    ZI Data      Debug   Library Name

       302         20          0          0         96        752   c_w.l
      3558        252          0          0          0       1944   fz_ws.l
      3016        212        144          0          0       1000   m_ws.l

    ----------------------------------------------------------------------
      6890        484        144          0        100       3696   Library Totals

    ----------------------------------------------------------------------

==============================================================================


      Code (inc. data)   RO Data    RW Data    ZI Data      Debug   

     12156        820       3532          8       1672     318267   Grand Totals
     12156        820       3532          8       1672     318267   ELF Image Totals
     12156        820       3532          8          0          0   ROM Totals

==============================================================================

    Total RO  Size (Code + RO Data)                15688 (  15.32kB)
    Total RW  Size (RW Data + ZI Data)              1680 (   1.64kB)
    Total ROM Size (Code + RO Data + RW Data)      15696 (  15.33kB)

==============================================================================

